00:44:49 **** Incremental Build of configuration Release for project 7Segment_Butt_int ****
make all 
Building file: ../main.c
Invoking: AVR Compiler
avr-gcc -Wall -Os -fpack-struct -fshort-enums -ffunction-sections -fdata-sections -std=gnu99 -funsigned-char -funsigned-bitfields -mmcu=atmega32 -DF_CPU=8000000UL -MMD -MP -MF"main.d" -MT"main.d" -c -o "main.o" "../main.c"
Finished building: ../main.c
 
Building target: 7Segment_Butt_int.elf
Invoking: AVR C Linker
avr-gcc -Wl,-Map,7Segment_Butt_int.map -mmcu=atmega32 -o "7Segment_Butt_int.elf"  ./main.o   
Finished building target: 7Segment_Butt_int.elf
 
Invoking: AVR Create Extended Listing
avr-objdump -h -S 7Segment_Butt_int.elf  >"7Segment_Butt_int.lss"
Finished building: 7Segment_Butt_int.lss
 
Create Flash image (ihex format)
avr-objcopy -R .eeprom -R .fuse -R .lock -R .signature -O ihex 7Segment_Butt_int.elf  "7Segment_Butt_int.hex"
Finished building: 7Segment_Butt_int.hex
 
Create eeprom image (ihex format)
avr-objcopy -j .eeprom --no-change-warnings --change-section-lma .eeprom=0 -O ihex 7Segment_Butt_int.elf  "7Segment_Butt_int.eep"
Finished building: 7Segment_Butt_int.eep
 
Invoking: Print Size
avr-size --format=berkeley -t 7Segment_Butt_int.elf
   text	   data	    bss	    dec	    hex	filename
    374	      0	      2	    376	    178	7Segment_Butt_int.elf
    374	      0	      2	    376	    178	(TOTALS)
Finished building: sizedummy
 

00:44:49 Build Finished (took 111ms)

