21:18:35 **** Incremental Build of configuration Release for project blink_series ****
make all 
Building file: ../main.c
Invoking: AVR Compiler
avr-gcc -Wall -Os -fpack-struct -fshort-enums -ffunction-sections -fdata-sections -std=gnu99 -funsigned-char -funsigned-bitfields -mmcu=atmega32 -DF_CPU=8000000UL -MMD -MP -MF"main.d" -MT"main.d" -c -o "main.o" "../main.c"
Finished building: ../main.c
 
Building target: blink_series.elf
Invoking: AVR C Linker
avr-gcc -Wl,-Map,blink_series.map -mmcu=atmega32 -o "blink_series.elf"  ./main.o   
Finished building target: blink_series.elf
 
Invoking: AVR Create Extended Listing
avr-objdump -h -S blink_series.elf  >"blink_series.lss"
Finished building: blink_series.lss
 
Create Flash image (ihex format)
avr-objcopy -R .eeprom -R .fuse -R .lock -R .signature -O ihex blink_series.elf  "blink_series.hex"
Finished building: blink_series.hex
 
Create eeprom image (ihex format)
avr-objcopy -j .eeprom --no-change-warnings --change-section-lma .eeprom=0 -O ihex blink_series.elf  "blink_series.eep"
Finished building: blink_series.eep
 
Invoking: Print Size
avr-size --format=berkeley -t blink_series.elf
   text	   data	    bss	    dec	    hex	filename
    204	      0	      0	    204	     cc	blink_series.elf
    204	      0	      0	    204	     cc	(TOTALS)
Finished building: sizedummy
 

21:18:36 Build Finished (took 682ms)

