10:44:06 **** Incremental Build of configuration Release for project Button ****
make all 
Building file: ../main.c
Invoking: AVR Compiler
avr-gcc -Wall -Os -fpack-struct -fshort-enums -ffunction-sections -fdata-sections -std=gnu99 -funsigned-char -funsigned-bitfields -mmcu=atmega32 -DF_CPU=8000000UL -MMD -MP -MF"main.d" -MT"main.d" -c -o "main.o" "../main.c"
Finished building: ../main.c
 
Building target: Button.elf
Invoking: AVR C Linker
avr-gcc -Wl,-Map,Button.map -mmcu=atmega32 -o "Button.elf"  ./main.o   
Finished building target: Button.elf
 
Invoking: AVR Create Extended Listing
avr-objdump -h -S Button.elf  >"Button.lss"
Finished building: Button.lss
 
Create Flash image (ihex format)
avr-objcopy -R .eeprom -R .fuse -R .lock -R .signature -O ihex Button.elf  "Button.hex"
Finished building: Button.hex
 
Create eeprom image (ihex format)
avr-objcopy -j .eeprom --no-change-warnings --change-section-lma .eeprom=0 -O ihex Button.elf  "Button.eep"
Finished building: Button.eep
 
Invoking: Print Size
avr-size --format=berkeley -t Button.elf
   text	   data	    bss	    dec	    hex	filename
    160	      0	      0	    160	     a0	Button.elf
    160	      0	      0	    160	     a0	(TOTALS)
Finished building: sizedummy
 

10:44:06 Build Finished (took 113ms)

