17:41:20 **** Clean-only build of configuration Release for project test1 ****
make clean 
rm -rf  ./src/test1.o  ./src/test1.d  test1
 
17:41:20 **** Incremental Build of configuration Release for project test1 ****
make all 
Building file: ../src/test1.c
Invoking: GCC C Compiler
gcc -O3 -Wall -c -fmessage-length=0 -MMD -MP -MF"src/test1.d" -MT"src/test1.d" -o "src/test1.o" "../src/test1.c"
../src/test1.c: In function ‘main’:
../src/test1.c:9:1: warning: format ‘%d’ expects argument of type ‘int’, but argument 2 has type ‘int *’ [-Wformat=]
 printf("%d \n", (int *) ptr);
 ^
Finished building: ../src/test1.c
../src/test1.c:11:1: warning: format ‘%d’ expects argument of type ‘int’, but argument 2 has type ‘int *’ [-Wformat=]
 printf("%d", (int *) ptr);
 ^
 
Building target: test1
Invoking: GCC C Linker
gcc  -o "test1"  ./src/test1.o   
Finished building target: test1
 
17:41:26 **** Incremental Build of configuration Release for project test1 ****
make all 
make: Nothing to be done for 'all'.
17:41:26 **** Incremental Build of configuration Release for project timer_blink ****
make all 
Building target: timer_blink.elf
Invoking: AVR C Linker
avr-gcc -Wl,-Map,timer_blink.map -mmcu=atmega32 -o "timer_blink.elf"  ./main.o   
./main.o: In function `main':
main.c:(.text.startup.main+0x2): undefined reference to `timer0_init'
collect2: error: ld returned 1 exit status
makefile:50: recipe for target 'timer_blink.elf' failed
make: *** [timer_blink.elf] Error 1
17:41:30 **** Incremental Build of configuration Release for project test1 ****
make all 
make: Nothing to be done for 'all'.
17:42:22 **** Incremental Build of configuration Release for project test1 ****
make all 
Building file: ../src/test1.c
Invoking: GCC C Compiler
gcc -O3 -Wall -c -fmessage-length=0 -MMD -MP -MF"src/test1.d" -MT"src/test1.d" -o "src/test1.o" "../src/test1.c"
../src/test1.c: In function ‘main’:
../src/test1.c:21:1: warning: control reaches end of non-void function [-Wreturn-type]
 }
 ^
Finished building: ../src/test1.c
 
Building target: test1
Invoking: GCC C Linker
gcc  -o "test1"  ./src/test1.o   
Finished building target: test1
 
17:42:22 **** Incremental Build of configuration Release for project timer_blink ****
make all 
Building target: timer_blink.elf
Invoking: AVR C Linker
avr-gcc -Wl,-Map,timer_blink.map -mmcu=atmega32 -o "timer_blink.elf"  ./main.o   
makefile:50: recipe for target 'timer_blink.elf' failed
./main.o: In function `main':
main.c:(.text.startup.main+0x2): undefined reference to `timer0_init'
collect2: error: ld returned 1 exit status
make: *** [timer_blink.elf] Error 1
17:42:23 **** Incremental Build of configuration Release for project test1 ****
make all 
make: Nothing to be done for 'all'.
17:42:23 **** Incremental Build of configuration Release for project timer_blink ****
make all 
Building target: timer_blink.elf
Invoking: AVR C Linker
avr-gcc -Wl,-Map,timer_blink.map -mmcu=atmega32 -o "timer_blink.elf"  ./main.o   
./main.o: In function `main':
main.c:(.text.startup.main+0x2): undefined reference to `timer0_init'
collect2: error: ld returned 1 exit status
makefile:50: recipe for target 'timer_blink.elf' failed
make: *** [timer_blink.elf] Error 1
17:42:27 **** Incremental Build of configuration Release for project test1 ****
make all 
make: Nothing to be done for 'all'.
17:42:35 **** Incremental Build of configuration Release for project test1 ****
make all 
Building file: ../src/test1.c
Invoking: GCC C Compiler
gcc -O3 -Wall -c -fmessage-length=0 -MMD -MP -MF"src/test1.d" -MT"src/test1.d" -o "src/test1.o" "../src/test1.c"
../src/test1.c: In function ‘main’:
../src/test1.c:17:9: warning: unused variable ‘sa’ [-Wunused-variable]
     int sa,i;
         ^
../src/test1.c:21:1: warning: control reaches end of non-void function [-Wreturn-type]
 }
 ^
Finished building: ../src/test1.c
 
Building target: test1
Invoking: GCC C Linker
gcc  -o "test1"  ./src/test1.o   
Finished building target: test1
 
17:42:35 **** Incremental Build of configuration Release for project timer_blink ****
make all 
Building target: timer_blink.elf
Invoking: AVR C Linker
avr-gcc -Wl,-Map,timer_blink.map -mmcu=atmega32 -o "timer_blink.elf"  ./main.o   
./main.o: In function `main':
main.c:(.text.startup.main+0x2): undefined reference to `timer0_init'
collect2: error: ld returned 1 exit status
make: *** [timer_blink.elf] Error 1
makefile:50: recipe for target 'timer_blink.elf' failed
17:42:38 **** Incremental Build of configuration Release for project test1 ****
make all 
make: Nothing to be done for 'all'.
17:43:19 **** Incremental Build of configuration Release for project test1 ****
make all 
Building file: ../src/test1.c
Invoking: GCC C Compiler
gcc -O3 -Wall -c -fmessage-length=0 -MMD -MP -MF"src/test1.d" -MT"src/test1.d" -o "src/test1.o" "../src/test1.c"
../src/test1.c: In function ‘main’:
../src/test1.c:17:9: warning: unused variable ‘sa’ [-Wunused-variable]
     int sa=0,i;
         ^
../src/test1.c:21:1: warning: control reaches end of non-void function [-Wreturn-type]
 }
Finished building: ../src/test1.c
 ^
 
Building target: test1
Invoking: GCC C Linker
gcc  -o "test1"  ./src/test1.o   
Finished building target: test1
 
17:43:19 **** Incremental Build of configuration Release for project timer_blink ****
make all 
Building target: timer_blink.elf
Invoking: AVR C Linker
avr-gcc -Wl,-Map,timer_blink.map -mmcu=atmega32 -o "timer_blink.elf"  ./main.o   
./main.o: In function `main':
main.c:(.text.startup.main+0x2): undefined reference to `timer0_init'
collect2: error: ld returned 1 exit status
make: *** [timer_blink.elf] Error 1
makefile:50: recipe for target 'timer_blink.elf' failed
17:43:20 **** Incremental Build of configuration Release for project test1 ****
make all 
make: Nothing to be done for 'all'.
17:43:20 **** Incremental Build of configuration Release for project timer_blink ****
make all 
Building target: timer_blink.elf
Invoking: AVR C Linker
avr-gcc -Wl,-Map,timer_blink.map -mmcu=atmega32 -o "timer_blink.elf"  ./main.o   
./main.o: In function `main':
main.c:(.text.startup.main+0x2): undefined reference to `timer0_init'
collect2: error: ld returned 1 exit status
make: *** [timer_blink.elf] Error 1
makefile:50: recipe for target 'timer_blink.elf' failed
17:43:53 **** Incremental Build of configuration Release for project test1 ****
make all 
Building file: ../src/test1.c
Invoking: GCC C Compiler
gcc -O3 -Wall -c -fmessage-length=0 -MMD -MP -MF"src/test1.d" -MT"src/test1.d" -o "src/test1.o" "../src/test1.c"
../src/test1.c: In function ‘main’:
../src/test1.c:23:1: warning: control reaches end of non-void function [-Wreturn-type]
 }
 ^
Finished building: ../src/test1.c
 
Building target: test1
Invoking: GCC C Linker
gcc  -o "test1"  ./src/test1.o   
Finished building target: test1
 
17:43:54 **** Incremental Build of configuration Release for project timer_blink ****
make all 
Building target: timer_blink.elf
Invoking: AVR C Linker
avr-gcc -Wl,-Map,timer_blink.map -mmcu=atmega32 -o "timer_blink.elf"  ./main.o   
./main.o: In function `main':
main.c:(.text.startup.main+0x2): undefined reference to `timer0_init'
collect2: error: ld returned 1 exit status
make: *** [timer_blink.elf] Error 1
makefile:50: recipe for target 'timer_blink.elf' failed
17:43:54 **** Incremental Build of configuration Release for project test1 ****
make all 
make: Nothing to be done for 'all'.
17:43:54 **** Incremental Build of configuration Release for project timer_blink ****
make all 
Building target: timer_blink.elf
Invoking: AVR C Linker
avr-gcc -Wl,-Map,timer_blink.map -mmcu=atmega32 -o "timer_blink.elf"  ./main.o   
./main.o: In function `main':
main.c:(.text.startup.main+0x2): undefined reference to `timer0_init'
collect2: error: ld returned 1 exit status
makefile:50: recipe for target 'timer_blink.elf' failed
make: *** [timer_blink.elf] Error 1
17:43:57 **** Incremental Build of configuration Release for project test1 ****
make all 
make: Nothing to be done for 'all'.
16:49:48 **** Build of configuration Release for project timer_blink ****
make all 
Building target: timer_blink.elf
Invoking: AVR C Linker
avr-gcc -Wl,-Map,timer_blink.map -mmcu=atmega32 -o "timer_blink.elf"  ./main.o   
./main.o: In function `main':
main.c:(.text.startup.main+0x2): undefined reference to `timer0_init'
collect2: error: ld returned 1 exit status
makefile:50: recipe for target 'timer_blink.elf' failed
make: *** [timer_blink.elf] Error 1
16:50:21 **** Incremental Build of configuration Release for project timer_blink ****
make all 
Building target: timer_blink.elf
Invoking: AVR C Linker
avr-gcc -Wl,-Map,timer_blink.map -mmcu=atmega32 -o "timer_blink.elf"  ./main.o   
./main.o: In function `main':
main.c:(.text.startup.main+0x2): undefined reference to `timer0_init'
collect2: error: ld returned 1 exit status
makefile:50: recipe for target 'timer_blink.elf' failed
make: *** [timer_blink.elf] Error 1
16:50:52 **** Incremental Build of configuration Release for project timer_blink ****
make all 
Building file: ../main.c
Invoking: AVR Compiler
avr-gcc -Wall -Os -fpack-struct -fshort-enums -ffunction-sections -fdata-sections -std=gnu99 -funsigned-char -funsigned-bitfields -mmcu=atmega32 -DF_CPU=8000000UL -MMD -MP -MF"main.d" -MT"main.d" -c -o "main.o" "../main.c"
../main.c:9:1: warning: return type defaults to 'int'
 ISR(TIMER0_OVF_vect)
 ^
../main.c: In function 'ISR':
../main.c:9:1: warning: type of '__vector_11' defaults to 'int'
../main.c: In function 'main':
../main.c:21:5: warning: implicit declaration of function 'timer0_init' [-Wimplicit-function-declaration]
     timer0_init();
     ^
../main.c: In function 'ISR':
../main.c:13:1: warning: control reaches end of non-void function [-Wreturn-type]
 }
 ^
Finished building: ../main.c
 
Building target: timer_blink.elf
Invoking: AVR C Linker
avr-gcc -Wl,-Map,timer_blink.map -mmcu=atmega32 -o "timer_blink.elf"  ./main.o   
./main.o: In function `main':
main.c:(.text.startup.main+0x2): undefined reference to `timer0_init'
collect2: error: ld returned 1 exit status
makefile:50: recipe for target 'timer_blink.elf' failed
make: *** [timer_blink.elf] Error 1
16:54:24 **** Build of configuration Release for project Timer2 ****
make all 
Invoking: Print Size
avr-size --format=berkeley -t Timer2.elf
   text	   data	    bss	    dec	    hex	filename
    216	      0	      1	    217	     d9	Timer2.elf
    216	      0	      1	    217	     d9	(TOTALS)
Finished building: sizedummy
 
16:54:24 **** Build of configuration Debug for project testttt ****
make all 
make: Nothing to be done for 'all'.
16:54:25 **** Incremental Build of configuration Release for project timer_blink ****
make all 
Building target: timer_blink.elf
Invoking: AVR C Linker
avr-gcc -Wl,-Map,timer_blink.map -mmcu=atmega32 -o "timer_blink.elf"  ./main.o   
./main.o: In function `main':
main.c:(.text.startup.main+0x2): undefined reference to `timer0_init'
collect2: error: ld returned 1 exit status
make: *** [timer_blink.elf] Error 1
makefile:50: recipe for target 'timer_blink.elf' failed
17:08:26 **** Incremental Build of configuration Release for project Timer2 ****
make all 
Invoking: Print Size
avr-size --format=berkeley -t Timer2.elf
   text	   data	    bss	    dec	    hex	filename
    216	      0	      1	    217	     d9	Timer2.elf
    216	      0	      1	    217	     d9	(TOTALS)
Finished building: sizedummy
 
17:08:27 **** Build of configuration Release for project Timer_blink2 ****
make all 
Building file: ../main.c
Invoking: AVR Compiler
avr-gcc -Wall -Os -fpack-struct -fshort-enums -ffunction-sections -fdata-sections -std=gnu99 -funsigned-char -funsigned-bitfields -mmcu=atmega32 -DF_CPU=1000000UL -MMD -MP -MF"main.d" -MT"main.d" -c -o "main.o" "../main.c"
../main.c:32:6: warning: return type of 'main' is not 'int' [-Wmain]
 void main(void)
      ^
Finished building: ../main.c
 
Building target: Timer_blink2.elf
Invoking: AVR C Linker
avr-gcc -Wl,-Map,Timer_blink2.map -mmcu=atmega32 -o "Timer_blink2.elf"  ./main.o   
Finished building target: Timer_blink2.elf
 
Invoking: AVR Create Extended Listing
avr-objdump -h -S Timer_blink2.elf  >"Timer_blink2.lss"
Finished building: Timer_blink2.lss
 
Create Flash image (ihex format)
avr-objcopy -R .eeprom -R .fuse -R .lock -R .signature -O ihex Timer_blink2.elf  "Timer_blink2.hex"
Finished building: Timer_blink2.hex
 
Create eeprom image (ihex format)
avr-objcopy -j .eeprom --no-change-warnings --change-section-lma .eeprom=0 -O ihex Timer_blink2.elf  "Timer_blink2.eep"
Finished building: Timer_blink2.eep
 
Invoking: Print Size
avr-size --format=berkeley -t Timer_blink2.elf
   text	   data	    bss	    dec	    hex	filename
    156	      0	      1	    157	     9d	Timer_blink2.elf
    156	      0	      1	    157	     9d	(TOTALS)
Finished building: sizedummy
 
17:08:29 **** Incremental Build of configuration Release for project Timer2 ****
make all 
Invoking: Print Size
avr-size --format=berkeley -t Timer2.elf
   text	   data	    bss	    dec	    hex	filename
    216	      0	      1	    217	     d9	Timer2.elf
    216	      0	      1	    217	     d9	(TOTALS)
Finished building: sizedummy
 
17:08:30 **** Incremental Build of configuration Release for project Timer_blink2 ****
make all 
Invoking: Print Size
avr-size --format=berkeley -t Timer_blink2.elf
   text	   data	    bss	    dec	    hex	filename
    156	      0	      1	    157	     9d	Timer_blink2.elf
    156	      0	      1	    157	     9d	(TOTALS)
Finished building: sizedummy
 
17:10:19 **** Incremental Build of configuration Release for project Timer2 ****
make all 
Invoking: Print Size
avr-size --format=berkeley -t Timer2.elf
   text	   data	    bss	    dec	    hex	filename
    216	      0	      1	    217	     d9	Timer2.elf
    216	      0	      1	    217	     d9	(TOTALS)
Finished building: sizedummy
 
17:10:19 **** Incremental Build of configuration Release for project Timer_blink2 ****
make all 
Building file: ../main.c
Invoking: AVR Compiler
avr-gcc -Wall -Os -fpack-struct -fshort-enums -ffunction-sections -fdata-sections -std=gnu99 -funsigned-char -funsigned-bitfields -mmcu=atmega32 -DF_CPU=1000000UL -MMD -MP -MF"main.d" -MT"main.d" -c -o "main.o" "../main.c"
../main.c:32:6: warning: return type of 'main' is not 'int' [-Wmain]
 void main(void)
      ^
Finished building: ../main.c
 
Building target: Timer_blink2.elf
Invoking: AVR C Linker
avr-gcc -Wl,-Map,Timer_blink2.map -mmcu=atmega32 -o "Timer_blink2.elf"  ./main.o   
Finished building target: Timer_blink2.elf
 
Invoking: AVR Create Extended Listing
avr-objdump -h -S Timer_blink2.elf  >"Timer_blink2.lss"
Finished building: Timer_blink2.lss
 
Create Flash image (ihex format)
avr-objcopy -R .eeprom -R .fuse -R .lock -R .signature -O ihex Timer_blink2.elf  "Timer_blink2.hex"
Finished building: Timer_blink2.hex
 
Create eeprom image (ihex format)
avr-objcopy -j .eeprom --no-change-warnings --change-section-lma .eeprom=0 -O ihex Timer_blink2.elf  "Timer_blink2.eep"
Finished building: Timer_blink2.eep
 
Invoking: Print Size
avr-size --format=berkeley -t Timer_blink2.elf
   text	   data	    bss	    dec	    hex	filename
    216	      0	      1	    217	     d9	Timer_blink2.elf
    216	      0	      1	    217	     d9	(TOTALS)
Finished building: sizedummy
 
17:18:40 **** Incremental Build of configuration Release for project Timer2 ****
make all 
Invoking: Print Size
avr-size --format=berkeley -t Timer2.elf
   text	   data	    bss	    dec	    hex	filename
    216	      0	      1	    217	     d9	Timer2.elf
    216	      0	      1	    217	     d9	(TOTALS)
Finished building: sizedummy
 
17:18:40 **** Incremental Build of configuration Release for project Timer_blink2 ****
make all 
Building file: ../main.c
Invoking: AVR Compiler
avr-gcc -Wall -Os -fpack-struct -fshort-enums -ffunction-sections -fdata-sections -std=gnu99 -funsigned-char -funsigned-bitfields -mmcu=atmega32 -DF_CPU=1000000UL -MMD -MP -MF"main.d" -MT"main.d" -c -o "main.o" "../main.c"
../main.c:32:6: warning: return type of 'main' is not 'int' [-Wmain]
 void main(void)
      ^
Finished building: ../main.c
 
Building target: Timer_blink2.elf
Invoking: AVR C Linker
avr-gcc -Wl,-Map,Timer_blink2.map -mmcu=atmega32 -o "Timer_blink2.elf"  ./main.o   
Finished building target: Timer_blink2.elf
 
Invoking: AVR Create Extended Listing
avr-objdump -h -S Timer_blink2.elf  >"Timer_blink2.lss"
Finished building: Timer_blink2.lss
 
Create Flash image (ihex format)
avr-objcopy -R .eeprom -R .fuse -R .lock -R .signature -O ihex Timer_blink2.elf  "Timer_blink2.hex"
Finished building: Timer_blink2.hex
 
Create eeprom image (ihex format)
avr-objcopy -j .eeprom --no-change-warnings --change-section-lma .eeprom=0 -O ihex Timer_blink2.elf  "Timer_blink2.eep"
Finished building: Timer_blink2.eep
 
Invoking: Print Size
avr-size --format=berkeley -t Timer_blink2.elf
   text	   data	    bss	    dec	    hex	filename
    212	      0	      1	    213	     d5	Timer_blink2.elf
    212	      0	      1	    213	     d5	(TOTALS)
Finished building: sizedummy
 
17:18:40 **** Incremental Build of configuration Release for project timer_blink ****
make all 
Building target: timer_blink.elf
Invoking: AVR C Linker
avr-gcc -Wl,-Map,timer_blink.map -mmcu=atmega32 -o "timer_blink.elf"  ./main.o   
./main.o: In function `main':
main.c:(.text.startup.main+0x2): undefined reference to `timer0_init'
collect2: error: ld returned 1 exit status
makefile:50: recipe for target 'timer_blink.elf' failed
make: *** [timer_blink.elf] Error 1
17:20:14 **** Incremental Build of configuration Release for project Timer2 ****
make all 
Invoking: Print Size
avr-size --format=berkeley -t Timer2.elf
   text	   data	    bss	    dec	    hex	filename
    216	      0	      1	    217	     d9	Timer2.elf
    216	      0	      1	    217	     d9	(TOTALS)
Finished building: sizedummy
 
17:20:14 **** Incremental Build of configuration Release for project Timer_blink2 ****
make all 
Building file: ../main.c
Invoking: AVR Compiler
avr-gcc -Wall -Os -fpack-struct -fshort-enums -ffunction-sections -fdata-sections -std=gnu99 -funsigned-char -funsigned-bitfields -mmcu=atmega32 -DF_CPU=1000000UL -MMD -MP -MF"main.d" -MT"main.d" -c -o "main.o" "../main.c"
../main.c:32:6: warning: return type of 'main' is not 'int' [-Wmain]
 void main(void)
      ^
Finished building: ../main.c
 
Building target: Timer_blink2.elf
Invoking: AVR C Linker
avr-gcc -Wl,-Map,Timer_blink2.map -mmcu=atmega32 -o "Timer_blink2.elf"  ./main.o   
Finished building target: Timer_blink2.elf
 
Invoking: AVR Create Extended Listing
avr-objdump -h -S Timer_blink2.elf  >"Timer_blink2.lss"
Finished building: Timer_blink2.lss
 
Create Flash image (ihex format)
avr-objcopy -R .eeprom -R .fuse -R .lock -R .signature -O ihex Timer_blink2.elf  "Timer_blink2.hex"
Finished building: Timer_blink2.hex
 
Create eeprom image (ihex format)
avr-objcopy -j .eeprom --no-change-warnings --change-section-lma .eeprom=0 -O ihex Timer_blink2.elf  "Timer_blink2.eep"
Finished building: Timer_blink2.eep
 
Invoking: Print Size
avr-size --format=berkeley -t Timer_blink2.elf
   text	   data	    bss	    dec	    hex	filename
    210	      0	      1	    211	     d3	Timer_blink2.elf
    210	      0	      1	    211	     d3	(TOTALS)
Finished building: sizedummy
 
17:20:14 **** Incremental Build of configuration Release for project timer_blink ****
make all 
Building target: timer_blink.elf
Invoking: AVR C Linker
avr-gcc -Wl,-Map,timer_blink.map -mmcu=atmega32 -o "timer_blink.elf"  ./main.o   
./main.o: In function `main':
main.c:(.text.startup.main+0x2): undefined reference to `timer0_init'
collect2: error: ld returned 1 exit status
makefile:50: recipe for target 'timer_blink.elf' failed
make: *** [timer_blink.elf] Error 1
17:20:20 **** Incremental Build of configuration Release for project Timer2 ****
make all 
Invoking: Print Size
avr-size --format=berkeley -t Timer2.elf
   text	   data	    bss	    dec	    hex	filename
    216	      0	      1	    217	     d9	Timer2.elf
    216	      0	      1	    217	     d9	(TOTALS)
Finished building: sizedummy
 
17:20:20 **** Incremental Build of configuration Release for project Timer_blink2 ****
make all 
Building file: ../main.c
Invoking: AVR Compiler
avr-gcc -Wall -Os -fpack-struct -fshort-enums -ffunction-sections -fdata-sections -std=gnu99 -funsigned-char -funsigned-bitfields -mmcu=atmega32 -DF_CPU=1000000UL -MMD -MP -MF"main.d" -MT"main.d" -c -o "main.o" "../main.c"
../main.c:32:6: warning: return type of 'main' is not 'int' [-Wmain]
 void main(void)
      ^
Finished building: ../main.c
 
Building target: Timer_blink2.elf
Invoking: AVR C Linker
avr-gcc -Wl,-Map,Timer_blink2.map -mmcu=atmega32 -o "Timer_blink2.elf"  ./main.o   
Finished building target: Timer_blink2.elf
 
Invoking: AVR Create Extended Listing
avr-objdump -h -S Timer_blink2.elf  >"Timer_blink2.lss"
Finished building: Timer_blink2.lss
 
Create Flash image (ihex format)
avr-objcopy -R .eeprom -R .fuse -R .lock -R .signature -O ihex Timer_blink2.elf  "Timer_blink2.hex"
Finished building: Timer_blink2.hex
 
Create eeprom image (ihex format)
avr-objcopy -j .eeprom --no-change-warnings --change-section-lma .eeprom=0 -O ihex Timer_blink2.elf  "Timer_blink2.eep"
Finished building: Timer_blink2.eep
 
Invoking: Print Size
avr-size --format=berkeley -t Timer_blink2.elf
   text	   data	    bss	    dec	    hex	filename
    210	      0	      1	    211	     d3	Timer_blink2.elf
    210	      0	      1	    211	     d3	(TOTALS)
Finished building: sizedummy
 
17:20:20 **** Incremental Build of configuration Release for project timer_blink ****
make all 
Building target: timer_blink.elf
Invoking: AVR C Linker
avr-gcc -Wl,-Map,timer_blink.map -mmcu=atmega32 -o "timer_blink.elf"  ./main.o   
./main.o: In function `main':
main.c:(.text.startup.main+0x2): undefined reference to `timer0_init'
collect2: error: ld returned 1 exit status
makefile:50: recipe for target 'timer_blink.elf' failed
make: *** [timer_blink.elf] Error 1
17:21:28 **** Incremental Build of configuration Release for project Timer2 ****
make all 
Invoking: Print Size
avr-size --format=berkeley -t Timer2.elf
   text	   data	    bss	    dec	    hex	filename
    216	      0	      1	    217	     d9	Timer2.elf
    216	      0	      1	    217	     d9	(TOTALS)
Finished building: sizedummy
 
17:21:28 **** Incremental Build of configuration Release for project Timer_blink2 ****
make all 
Building file: ../main.c
Invoking: AVR Compiler
avr-gcc -Wall -Os -fpack-struct -fshort-enums -ffunction-sections -fdata-sections -std=gnu99 -funsigned-char -funsigned-bitfields -mmcu=atmega32 -DF_CPU=1000000UL -MMD -MP -MF"main.d" -MT"main.d" -c -o "main.o" "../main.c"
../main.c:32:6: warning: return type of 'main' is not 'int' [-Wmain]
 void main(void)
      ^
Finished building: ../main.c
 
Building target: Timer_blink2.elf
Invoking: AVR C Linker
avr-gcc -Wl,-Map,Timer_blink2.map -mmcu=atmega32 -o "Timer_blink2.elf"  ./main.o   
Finished building target: Timer_blink2.elf
 
Invoking: AVR Create Extended Listing
avr-objdump -h -S Timer_blink2.elf  >"Timer_blink2.lss"
Finished building: Timer_blink2.lss
 
Create Flash image (ihex format)
avr-objcopy -R .eeprom -R .fuse -R .lock -R .signature -O ihex Timer_blink2.elf  "Timer_blink2.hex"
Finished building: Timer_blink2.hex
 
Create eeprom image (ihex format)
avr-objcopy -j .eeprom --no-change-warnings --change-section-lma .eeprom=0 -O ihex Timer_blink2.elf  "Timer_blink2.eep"
Finished building: Timer_blink2.eep
 
Invoking: Print Size
avr-size --format=berkeley -t Timer_blink2.elf
   text	   data	    bss	    dec	    hex	filename
    198	      0	      1	    199	     c7	Timer_blink2.elf
    198	      0	      1	    199	     c7	(TOTALS)
Finished building: sizedummy
 
17:21:28 **** Incremental Build of configuration Release for project timer_blink ****
make all 
Building target: timer_blink.elf
Invoking: AVR C Linker
avr-gcc -Wl,-Map,timer_blink.map -mmcu=atmega32 -o "timer_blink.elf"  ./main.o   
./main.o: In function `main':
main.c:(.text.startup.main+0x2): undefined reference to `timer0_init'
collect2: error: ld returned 1 exit status
makefile:50: recipe for target 'timer_blink.elf' failed
make: *** [timer_blink.elf] Error 1
17:22:46 **** Incremental Build of configuration Release for project Timer2 ****
make all 
Invoking: Print Size
avr-size --format=berkeley -t Timer2.elf
   text	   data	    bss	    dec	    hex	filename
    216	      0	      1	    217	     d9	Timer2.elf
    216	      0	      1	    217	     d9	(TOTALS)
Finished building: sizedummy
 
17:22:46 **** Incremental Build of configuration Release for project Timer_blink2 ****
make all 
Invoking: Print Size
avr-size --format=berkeley -t Timer_blink2.elf
   text	   data	    bss	    dec	    hex	filename
    198	      0	      1	    199	     c7	Timer_blink2.elf
    198	      0	      1	    199	     c7	(TOTALS)
Finished building: sizedummy
 
17:22:46 **** Incremental Build of configuration Release for project timer_blink ****
make all 
Building target: timer_blink.elf
Invoking: AVR C Linker
avr-gcc -Wl,-Map,timer_blink.map -mmcu=atmega32 -o "timer_blink.elf"  ./main.o   
./main.o: In function `main':
main.c:(.text.startup.main+0x2): undefined reference to `timer0_init'
collect2: error: ld returned 1 exit status
makefile:50: recipe for target 'timer_blink.elf' failed
make: *** [timer_blink.elf] Error 1
17:23:46 **** Incremental Build of configuration Release for project Timer2 ****
make all 
Invoking: Print Size
avr-size --format=berkeley -t Timer2.elf
   text	   data	    bss	    dec	    hex	filename
    216	      0	      1	    217	     d9	Timer2.elf
    216	      0	      1	    217	     d9	(TOTALS)
Finished building: sizedummy
 
17:23:47 **** Incremental Build of configuration Release for project Timer_blink2 ****
make all 
Building file: ../main.c
Invoking: AVR Compiler
avr-gcc -Wall -Os -fpack-struct -fshort-enums -ffunction-sections -fdata-sections -std=gnu99 -funsigned-char -funsigned-bitfields -mmcu=atmega32 -DF_CPU=1000000UL -MMD -MP -MF"main.d" -MT"main.d" -c -o "main.o" "../main.c"
../main.c:32:6: warning: return type of 'main' is not 'int' [-Wmain]
 void main(void)
Finished building: ../main.c
      ^
 
Building target: Timer_blink2.elf
Invoking: AVR C Linker
avr-gcc -Wl,-Map,Timer_blink2.map -mmcu=atmega32 -o "Timer_blink2.elf"  ./main.o   
Finished building target: Timer_blink2.elf
 
Invoking: AVR Create Extended Listing
avr-objdump -h -S Timer_blink2.elf  >"Timer_blink2.lss"
Finished building: Timer_blink2.lss
 
Create Flash image (ihex format)
avr-objcopy -R .eeprom -R .fuse -R .lock -R .signature -O ihex Timer_blink2.elf  "Timer_blink2.hex"
Finished building: Timer_blink2.hex
 
Create eeprom image (ihex format)
avr-objcopy -j .eeprom --no-change-warnings --change-section-lma .eeprom=0 -O ihex Timer_blink2.elf  "Timer_blink2.eep"
Finished building: Timer_blink2.eep
 
Invoking: Print Size
avr-size --format=berkeley -t Timer_blink2.elf
   text	   data	    bss	    dec	    hex	filename
    210	      0	      1	    211	     d3	Timer_blink2.elf
    210	      0	      1	    211	     d3	(TOTALS)
Finished building: sizedummy
 
17:23:47 **** Incremental Build of configuration Release for project timer_blink ****
make all 
Building target: timer_blink.elf
Invoking: AVR C Linker
avr-gcc -Wl,-Map,timer_blink.map -mmcu=atmega32 -o "timer_blink.elf"  ./main.o   
./main.o: In function `main':
main.c:(.text.startup.main+0x2): undefined reference to `timer0_init'
collect2: error: ld returned 1 exit status
make: *** [timer_blink.elf] Error 1
makefile:50: recipe for target 'timer_blink.elf' failed
17:25:02 **** Incremental Build of configuration Release for project Timer2 ****
make all 
Invoking: Print Size
avr-size --format=berkeley -t Timer2.elf
   text	   data	    bss	    dec	    hex	filename
    216	      0	      1	    217	     d9	Timer2.elf
    216	      0	      1	    217	     d9	(TOTALS)
Finished building: sizedummy
 
17:25:02 **** Incremental Build of configuration Release for project Timer_blink2 ****
make all 
Building file: ../main.c
Invoking: AVR Compiler
avr-gcc -Wall -Os -fpack-struct -fshort-enums -ffunction-sections -fdata-sections -std=gnu99 -funsigned-char -funsigned-bitfields -mmcu=atmega32 -DF_CPU=1000000UL -MMD -MP -MF"main.d" -MT"main.d" -c -o "main.o" "../main.c"
../main.c:32:6: warning: return type of 'main' is not 'int' [-Wmain]
 void main(void)
      ^
Finished building: ../main.c
 
Building target: Timer_blink2.elf
Invoking: AVR C Linker
avr-gcc -Wl,-Map,Timer_blink2.map -mmcu=atmega32 -o "Timer_blink2.elf"  ./main.o   
Finished building target: Timer_blink2.elf
 
Invoking: AVR Create Extended Listing
avr-objdump -h -S Timer_blink2.elf  >"Timer_blink2.lss"
Finished building: Timer_blink2.lss
 
Create Flash image (ihex format)
avr-objcopy -R .eeprom -R .fuse -R .lock -R .signature -O ihex Timer_blink2.elf  "Timer_blink2.hex"
Finished building: Timer_blink2.hex
 
Create eeprom image (ihex format)
avr-objcopy -j .eeprom --no-change-warnings --change-section-lma .eeprom=0 -O ihex Timer_blink2.elf  "Timer_blink2.eep"
Finished building: Timer_blink2.eep
 
Invoking: Print Size
avr-size --format=berkeley -t Timer_blink2.elf
   text	   data	    bss	    dec	    hex	filename
    212	      0	      1	    213	     d5	Timer_blink2.elf
    212	      0	      1	    213	     d5	(TOTALS)
Finished building: sizedummy
 
17:25:02 **** Incremental Build of configuration Release for project timer_blink ****
make all 
Building target: timer_blink.elf
Invoking: AVR C Linker
avr-gcc -Wl,-Map,timer_blink.map -mmcu=atmega32 -o "timer_blink.elf"  ./main.o   
./main.o: In function `main':
main.c:(.text.startup.main+0x2): undefined reference to `timer0_init'
collect2: error: ld returned 1 exit status
make: *** [timer_blink.elf] Error 1
makefile:50: recipe for target 'timer_blink.elf' failed
17:25:03 **** Incremental Build of configuration Release for project Timer2 ****
make all 
Invoking: Print Size
avr-size --format=berkeley -t Timer2.elf
   text	   data	    bss	    dec	    hex	filename
    216	      0	      1	    217	     d9	Timer2.elf
    216	      0	      1	    217	     d9	(TOTALS)
Finished building: sizedummy
 
17:25:03 **** Incremental Build of configuration Release for project Timer_blink2 ****
make all 
Invoking: Print Size
avr-size --format=berkeley -t Timer_blink2.elf
   text	   data	    bss	    dec	    hex	filename
    212	      0	      1	    213	     d5	Timer_blink2.elf
    212	      0	      1	    213	     d5	(TOTALS)
Finished building: sizedummy
 
17:25:03 **** Incremental Build of configuration Release for project timer_blink ****
make all 
Building target: timer_blink.elf
Invoking: AVR C Linker
avr-gcc -Wl,-Map,timer_blink.map -mmcu=atmega32 -o "timer_blink.elf"  ./main.o   
./main.o: In function `main':
main.c:(.text.startup.main+0x2): undefined reference to `timer0_init'
collect2: error: ld returned 1 exit status
makefile:50: recipe for target 'timer_blink.elf' failed
make: *** [timer_blink.elf] Error 1
17:29:06 **** Incremental Build of configuration Release for project Timer2 ****
make all 
Invoking: Print Size
avr-size --format=berkeley -t Timer2.elf
   text	   data	    bss	    dec	    hex	filename
    216	      0	      1	    217	     d9	Timer2.elf
    216	      0	      1	    217	     d9	(TOTALS)
Finished building: sizedummy
 
17:29:06 **** Incremental Build of configuration Release for project Timer_blink2 ****
make all 
Building file: ../main.c
Invoking: AVR Compiler
avr-gcc -Wall -Os -fpack-struct -fshort-enums -ffunction-sections -fdata-sections -std=gnu99 -funsigned-char -funsigned-bitfields -mmcu=atmega32 -DF_CPU=1000000UL -MMD -MP -MF"main.d" -MT"main.d" -c -o "main.o" "../main.c"
../main.c:32:6: warning: return type of 'main' is not 'int' [-Wmain]
Finished building: ../main.c
 void main(void)
      ^
 
Building target: Timer_blink2.elf
Invoking: AVR C Linker
avr-gcc -Wl,-Map,Timer_blink2.map -mmcu=atmega32 -o "Timer_blink2.elf"  ./main.o   
Finished building target: Timer_blink2.elf
 
Invoking: AVR Create Extended Listing
avr-objdump -h -S Timer_blink2.elf  >"Timer_blink2.lss"
Finished building: Timer_blink2.lss
 
Create Flash image (ihex format)
avr-objcopy -R .eeprom -R .fuse -R .lock -R .signature -O ihex Timer_blink2.elf  "Timer_blink2.hex"
Finished building: Timer_blink2.hex
 
Create eeprom image (ihex format)
avr-objcopy -j .eeprom --no-change-warnings --change-section-lma .eeprom=0 -O ihex Timer_blink2.elf  "Timer_blink2.eep"
Finished building: Timer_blink2.eep
 
Invoking: Print Size
avr-size --format=berkeley -t Timer_blink2.elf
   text	   data	    bss	    dec	    hex	filename
    210	      0	      1	    211	     d3	Timer_blink2.elf
    210	      0	      1	    211	     d3	(TOTALS)
Finished building: sizedummy
 
17:29:06 **** Incremental Build of configuration Release for project timer_blink ****
make all 
Building target: timer_blink.elf
Invoking: AVR C Linker
avr-gcc -Wl,-Map,timer_blink.map -mmcu=atmega32 -o "timer_blink.elf"  ./main.o   
./main.o: In function `main':
main.c:(.text.startup.main+0x2): undefined reference to `timer0_init'
collect2: error: ld returned 1 exit status
makefile:50: recipe for target 'timer_blink.elf' failed
make: *** [timer_blink.elf] Error 1
17:30:11 **** Incremental Build of configuration Release for project Timer2 ****
make all 
Invoking: Print Size
avr-size --format=berkeley -t Timer2.elf
   text	   data	    bss	    dec	    hex	filename
    216	      0	      1	    217	     d9	Timer2.elf
    216	      0	      1	    217	     d9	(TOTALS)
Finished building: sizedummy
 
17:30:11 **** Incremental Build of configuration Release for project Timer_blink2 ****
make all 
Building file: ../main.c
Invoking: AVR Compiler
avr-gcc -Wall -Os -fpack-struct -fshort-enums -ffunction-sections -fdata-sections -std=gnu99 -funsigned-char -funsigned-bitfields -mmcu=atmega32 -DF_CPU=1000000UL -MMD -MP -MF"main.d" -MT"main.d" -c -o "main.o" "../main.c"
../main.c:36:6: warning: return type of 'main' is not 'int' [-Wmain]
 void main(void)
      ^
Finished building: ../main.c
 
Building target: Timer_blink2.elf
Invoking: AVR C Linker
avr-gcc -Wl,-Map,Timer_blink2.map -mmcu=atmega32 -o "Timer_blink2.elf"  ./main.o   
Finished building target: Timer_blink2.elf
 
Invoking: AVR Create Extended Listing
avr-objdump -h -S Timer_blink2.elf  >"Timer_blink2.lss"
Finished building: Timer_blink2.lss
 
Create Flash image (ihex format)
avr-objcopy -R .eeprom -R .fuse -R .lock -R .signature -O ihex Timer_blink2.elf  "Timer_blink2.hex"
Finished building: Timer_blink2.hex
 
Create eeprom image (ihex format)
avr-objcopy -j .eeprom --no-change-warnings --change-section-lma .eeprom=0 -O ihex Timer_blink2.elf  "Timer_blink2.eep"
Finished building: Timer_blink2.eep
 
Invoking: Print Size
avr-size --format=berkeley -t Timer_blink2.elf
   text	   data	    bss	    dec	    hex	filename
    210	      0	      1	    211	     d3	Timer_blink2.elf
    210	      0	      1	    211	     d3	(TOTALS)
Finished building: sizedummy
 
17:30:12 **** Incremental Build of configuration Release for project timer_blink ****
make all 
Building target: timer_blink.elf
Invoking: AVR C Linker
avr-gcc -Wl,-Map,timer_blink.map -mmcu=atmega32 -o "timer_blink.elf"  ./main.o   
./main.o: In function `main':
main.c:(.text.startup.main+0x2): undefined reference to `timer0_init'
collect2: error: ld returned 1 exit status
makefile:50: recipe for target 'timer_blink.elf' failed
make: *** [timer_blink.elf] Error 1
17:30:12 **** Incremental Build of configuration Release for project Timer2 ****
make all 
Invoking: Print Size
avr-size --format=berkeley -t Timer2.elf
   text	   data	    bss	    dec	    hex	filename
    216	      0	      1	    217	     d9	Timer2.elf
    216	      0	      1	    217	     d9	(TOTALS)
Finished building: sizedummy
 
17:30:13 **** Incremental Build of configuration Release for project Timer_blink2 ****
make all 
Invoking: Print Size
avr-size --format=berkeley -t Timer_blink2.elf
   text	   data	    bss	    dec	    hex	filename
    210	      0	      1	    211	     d3	Timer_blink2.elf
    210	      0	      1	    211	     d3	(TOTALS)
Finished building: sizedummy
 
17:30:13 **** Incremental Build of configuration Release for project timer_blink ****
make all 
Building target: timer_blink.elf
Invoking: AVR C Linker
avr-gcc -Wl,-Map,timer_blink.map -mmcu=atmega32 -o "timer_blink.elf"  ./main.o   
./main.o: In function `main':
main.c:(.text.startup.main+0x2): undefined reference to `timer0_init'
collect2: error: ld returned 1 exit status
makefile:50: recipe for target 'timer_blink.elf' failed
make: *** [timer_blink.elf] Error 1
17:30:14 **** Incremental Build of configuration Release for project Timer2 ****
make all 
Invoking: Print Size
avr-size --format=berkeley -t Timer2.elf
   text	   data	    bss	    dec	    hex	filename
    216	      0	      1	    217	     d9	Timer2.elf
    216	      0	      1	    217	     d9	(TOTALS)
Finished building: sizedummy
 
17:30:14 **** Incremental Build of configuration Release for project Timer_blink2 ****
make all 
Invoking: Print Size
avr-size --format=berkeley -t Timer_blink2.elf
   text	   data	    bss	    dec	    hex	filename
    210	      0	      1	    211	     d3	Timer_blink2.elf
    210	      0	      1	    211	     d3	(TOTALS)
Finished building: sizedummy
 
17:30:14 **** Incremental Build of configuration Release for project timer_blink ****
make all 
Building target: timer_blink.elf
Invoking: AVR C Linker
avr-gcc -Wl,-Map,timer_blink.map -mmcu=atmega32 -o "timer_blink.elf"  ./main.o   
./main.o: In function `main':
main.c:(.text.startup.main+0x2): undefined reference to `timer0_init'
collect2: error: ld returned 1 exit status
makefile:50: recipe for target 'timer_blink.elf' failed
make: *** [timer_blink.elf] Error 1
17:33:40 **** Incremental Build of configuration Release for project Timer2 ****
make all 
Invoking: Print Size
avr-size --format=berkeley -t Timer2.elf
   text	   data	    bss	    dec	    hex	filename
    216	      0	      1	    217	     d9	Timer2.elf
    216	      0	      1	    217	     d9	(TOTALS)
Finished building: sizedummy
 
17:33:40 **** Incremental Build of configuration Release for project Timer_blink2 ****
make all 
Building file: ../main.c
Invoking: AVR Compiler
avr-gcc -Wall -Os -fpack-struct -fshort-enums -ffunction-sections -fdata-sections -std=gnu99 -funsigned-char -funsigned-bitfields -mmcu=atmega32 -DF_CPU=1000000UL -MMD -MP -MF"main.d" -MT"main.d" -c -o "main.o" "../main.c"
../main.c:36:6: warning: return type of 'main' is not 'int' [-Wmain]
 void main(void)
      ^
Finished building: ../main.c
 
Building target: Timer_blink2.elf
Invoking: AVR C Linker
avr-gcc -Wl,-Map,Timer_blink2.map -mmcu=atmega32 -o "Timer_blink2.elf"  ./main.o   
Finished building target: Timer_blink2.elf
 
Invoking: AVR Create Extended Listing
avr-objdump -h -S Timer_blink2.elf  >"Timer_blink2.lss"
Finished building: Timer_blink2.lss
 
Create Flash image (ihex format)
avr-objcopy -R .eeprom -R .fuse -R .lock -R .signature -O ihex Timer_blink2.elf  "Timer_blink2.hex"
Finished building: Timer_blink2.hex
 
Create eeprom image (ihex format)
avr-objcopy -j .eeprom --no-change-warnings --change-section-lma .eeprom=0 -O ihex Timer_blink2.elf  "Timer_blink2.eep"
Finished building: Timer_blink2.eep
 
Invoking: Print Size
avr-size --format=berkeley -t Timer_blink2.elf
   text	   data	    bss	    dec	    hex	filename
    218	      0	      1	    219	     db	Timer_blink2.elf
    218	      0	      1	    219	     db	(TOTALS)
Finished building: sizedummy
 
17:33:40 **** Incremental Build of configuration Release for project timer_blink ****
make all 
Building target: timer_blink.elf
Invoking: AVR C Linker
avr-gcc -Wl,-Map,timer_blink.map -mmcu=atmega32 -o "timer_blink.elf"  ./main.o   
./main.o: In function `main':
main.c:(.text.startup.main+0x2): undefined reference to `timer0_init'
collect2: error: ld returned 1 exit status
make: *** [timer_blink.elf] Error 1
makefile:50: recipe for target 'timer_blink.elf' failed
17:33:41 **** Incremental Build of configuration Release for project Timer2 ****
make all 
Invoking: Print Size
avr-size --format=berkeley -t Timer2.elf
   text	   data	    bss	    dec	    hex	filename
    216	      0	      1	    217	     d9	Timer2.elf
    216	      0	      1	    217	     d9	(TOTALS)
Finished building: sizedummy
 
17:33:42 **** Incremental Build of configuration Release for project Timer_blink2 ****
make all 
Invoking: Print Size
avr-size --format=berkeley -t Timer_blink2.elf
   text	   data	    bss	    dec	    hex	filename
    218	      0	      1	    219	     db	Timer_blink2.elf
    218	      0	      1	    219	     db	(TOTALS)
Finished building: sizedummy
 
17:33:42 **** Incremental Build of configuration Release for project timer_blink ****
make all 
Building target: timer_blink.elf
Invoking: AVR C Linker
avr-gcc -Wl,-Map,timer_blink.map -mmcu=atmega32 -o "timer_blink.elf"  ./main.o   
./main.o: In function `main':
main.c:(.text.startup.main+0x2): undefined reference to `timer0_init'
collect2: error: ld returned 1 exit status
make: *** [timer_blink.elf] Error 1
makefile:50: recipe for target 'timer_blink.elf' failed
17:34:26 **** Incremental Build of configuration Release for project Timer_blink2 ****
make all 
Invoking: Print Size
avr-size --format=berkeley -t Timer_blink2.elf
   text	   data	    bss	    dec	    hex	filename
    218	      0	      1	    219	     db	Timer_blink2.elf
    218	      0	      1	    219	     db	(TOTALS)
Finished building: sizedummy
 
17:34:27 **** Incremental Build of configuration Release for project Timer_blink2 ****
make all 
Invoking: Print Size
avr-size --format=berkeley -t Timer_blink2.elf
   text	   data	    bss	    dec	    hex	filename
    218	      0	      1	    219	     db	Timer_blink2.elf
    218	      0	      1	    219	     db	(TOTALS)
Finished building: sizedummy
 
17:34:59 **** Incremental Build of configuration Release for project Timer_blink2 ****
make all 
Building file: ../main.c
Invoking: AVR Compiler
avr-gcc -Wall -Os -fpack-struct -fshort-enums -ffunction-sections -fdata-sections -std=gnu99 -funsigned-char -funsigned-bitfields -mmcu=atmega32 -DF_CPU=1000000UL -MMD -MP -MF"main.d" -MT"main.d" -c -o "main.o" "../main.c"
../main.c:9:1: warning: return type defaults to 'int'
 ISR(TIMER0_OVF_vect)
 ^
../main.c: In function 'ISR':
../main.c:9:1: warning: type of '__vector_11' defaults to 'int'
../main.c: In function 'main':
../main.c:21:5: warning: implicit declaration of function 'timer0_init' [-Wimplicit-function-declaration]
     timer0_init();
Finished building: ../main.c
     ^
../main.c: In function 'ISR':
../main.c:13:1: warning: control reaches end of non-void function [-Wreturn-type]
 }
 ^
 
Building target: Timer_blink2.elf
Invoking: AVR C Linker
avr-gcc -Wl,-Map,Timer_blink2.map -mmcu=atmega32 -o "Timer_blink2.elf"  ./main.o   
./main.o: In function `main':
main.c:(.text.startup.main+0x2): undefined reference to `timer0_init'
collect2: error: ld returned 1 exit status
makefile:50: recipe for target 'Timer_blink2.elf' failed
make: *** [Timer_blink2.elf] Error 1
17:35:01 **** Incremental Build of configuration Release for project Timer_blink2 ****
make all 
Building target: Timer_blink2.elf
Invoking: AVR C Linker
avr-gcc -Wl,-Map,Timer_blink2.map -mmcu=atmega32 -o "Timer_blink2.elf"  ./main.o   
./main.o: In function `main':
main.c:(.text.startup.main+0x2): undefined reference to `timer0_init'
collect2: error: ld returned 1 exit status
make: *** [Timer_blink2.elf] Error 1
makefile:50: recipe for target 'Timer_blink2.elf' failed
17:36:26 **** Incremental Build of configuration Release for project Timer_blink2 ****
make all 
Building file: ../main.c
Invoking: AVR Compiler
avr-gcc -Wall -Os -fpack-struct -fshort-enums -ffunction-sections -fdata-sections -std=gnu99 -funsigned-char -funsigned-bitfields -mmcu=atmega32 -DF_CPU=1000000UL -MMD -MP -MF"main.d" -MT"main.d" -c -o "main.o" "../main.c"
../main.c:23:1: warning: return type defaults to 'int'
 ISR(TIMER0_OVF_vect)
 ^
../main.c: In function 'ISR':
../main.c:23:1: warning: type of '__vector_11' defaults to 'int'
../main.c:27:1: warning: control reaches end of non-void function [-Wreturn-type]
Finished building: ../main.c
 }
 ^
 
Building target: Timer_blink2.elf
Invoking: AVR C Linker
avr-gcc -Wl,-Map,Timer_blink2.map -mmcu=atmega32 -o "Timer_blink2.elf"  ./main.o   
Finished building target: Timer_blink2.elf
 
Invoking: AVR Create Extended Listing
avr-objdump -h -S Timer_blink2.elf  >"Timer_blink2.lss"
Finished building: Timer_blink2.lss
 
Create Flash image (ihex format)
avr-objcopy -R .eeprom -R .fuse -R .lock -R .signature -O ihex Timer_blink2.elf  "Timer_blink2.hex"
Finished building: Timer_blink2.hex
 
Create eeprom image (ihex format)
avr-objcopy -j .eeprom --no-change-warnings --change-section-lma .eeprom=0 -O ihex Timer_blink2.elf  "Timer_blink2.eep"
Finished building: Timer_blink2.eep
 
Invoking: Print Size
avr-size --format=berkeley -t Timer_blink2.elf
   text	   data	    bss	    dec	    hex	filename
    190	      0	      1	    191	     bf	Timer_blink2.elf
    190	      0	      1	    191	     bf	(TOTALS)
Finished building: sizedummy
 
17:36:27 **** Incremental Build of configuration Release for project Timer_blink2 ****
make all 
Invoking: Print Size
avr-size --format=berkeley -t Timer_blink2.elf
   text	   data	    bss	    dec	    hex	filename
    190	      0	      1	    191	     bf	Timer_blink2.elf
    190	      0	      1	    191	     bf	(TOTALS)
Finished building: sizedummy
 
17:39:37 **** Incremental Build of configuration Release for project Timer_blink2 ****
make all 
Building file: ../main.c
Invoking: AVR Compiler
avr-gcc -Wall -Os -fpack-struct -fshort-enums -ffunction-sections -fdata-sections -std=gnu99 -funsigned-char -funsigned-bitfields -mmcu=atmega32 -DF_CPU=1000000UL -MMD -MP -MF"main.d" -MT"main.d" -c -o "main.o" "../main.c"
Finished building: ../main.c
 
Building target: Timer_blink2.elf
Invoking: AVR C Linker
avr-gcc -Wl,-Map,Timer_blink2.map -mmcu=atmega32 -o "Timer_blink2.elf"  ./main.o   
Finished building target: Timer_blink2.elf
 
Invoking: AVR Create Extended Listing
avr-objdump -h -S Timer_blink2.elf  >"Timer_blink2.lss"
Finished building: Timer_blink2.lss
 
Create Flash image (ihex format)
avr-objcopy -R .eeprom -R .fuse -R .lock -R .signature -O ihex Timer_blink2.elf  "Timer_blink2.hex"
Finished building: Timer_blink2.hex
 
Create eeprom image (ihex format)
avr-objcopy -j .eeprom --no-change-warnings --change-section-lma .eeprom=0 -O ihex Timer_blink2.elf  "Timer_blink2.eep"
Finished building: Timer_blink2.eep
 
Invoking: Print Size
avr-size --format=berkeley -t Timer_blink2.elf
   text	   data	    bss	    dec	    hex	filename
    146	      0	      0	    146	     92	Timer_blink2.elf
    146	      0	      0	    146	     92	(TOTALS)
Finished building: sizedummy
 
17:39:38 **** Incremental Build of configuration Release for project Timer_blink2 ****
make all 
Invoking: Print Size
avr-size --format=berkeley -t Timer_blink2.elf
   text	   data	    bss	    dec	    hex	filename
    146	      0	      0	    146	     92	Timer_blink2.elf
    146	      0	      0	    146	     92	(TOTALS)
Finished building: sizedummy
 
17:40:07 **** Incremental Build of configuration Release for project Timer_blink2 ****
make all 
Building file: ../main.c
Invoking: AVR Compiler
avr-gcc -Wall -Os -fpack-struct -fshort-enums -ffunction-sections -fdata-sections -std=gnu99 -funsigned-char -funsigned-bitfields -mmcu=atmega32 -DF_CPU=1000000UL -MMD -MP -MF"main.d" -MT"main.d" -c -o "main.o" "../main.c"
Finished building: ../main.c
 
Building target: Timer_blink2.elf
Invoking: AVR C Linker
avr-gcc -Wl,-Map,Timer_blink2.map -mmcu=atmega32 -o "Timer_blink2.elf"  ./main.o   
Finished building target: Timer_blink2.elf
 
Invoking: AVR Create Extended Listing
avr-objdump -h -S Timer_blink2.elf  >"Timer_blink2.lss"
Finished building: Timer_blink2.lss
 
Create Flash image (ihex format)
avr-objcopy -R .eeprom -R .fuse -R .lock -R .signature -O ihex Timer_blink2.elf  "Timer_blink2.hex"
Finished building: Timer_blink2.hex
 
Create eeprom image (ihex format)
avr-objcopy -j .eeprom --no-change-warnings --change-section-lma .eeprom=0 -O ihex Timer_blink2.elf  "Timer_blink2.eep"
Finished building: Timer_blink2.eep
 
Invoking: Print Size
avr-size --format=berkeley -t Timer_blink2.elf
   text	   data	    bss	    dec	    hex	filename
    146	      0	      0	    146	     92	Timer_blink2.elf
    146	      0	      0	    146	     92	(TOTALS)
Finished building: sizedummy
 
17:40:09 **** Incremental Build of configuration Release for project Timer_blink2 ****
make all 
Invoking: Print Size
avr-size --format=berkeley -t Timer_blink2.elf
   text	   data	    bss	    dec	    hex	filename
    146	      0	      0	    146	     92	Timer_blink2.elf
    146	      0	      0	    146	     92	(TOTALS)
Finished building: sizedummy
 
17:40:11 **** Incremental Build of configuration Release for project Timer_blink2 ****
make all 
Invoking: Print Size
avr-size --format=berkeley -t Timer_blink2.elf
   text	   data	    bss	    dec	    hex	filename
    146	      0	      0	    146	     92	Timer_blink2.elf
    146	      0	      0	    146	     92	(TOTALS)
Finished building: sizedummy
 
17:54:46 **** Incremental Build of configuration Release for project Timer_blink2 ****
make all 
Building file: ../main.c
Invoking: AVR Compiler
avr-gcc -Wall -Os -fpack-struct -fshort-enums -ffunction-sections -fdata-sections -std=gnu99 -funsigned-char -funsigned-bitfields -mmcu=atmega32 -DF_CPU=1000000UL -MMD -MP -MF"main.d" -MT"main.d" -c -o "main.o" "../main.c"
Finished building: ../main.c
 
Building target: Timer_blink2.elf
Invoking: AVR C Linker
avr-gcc -Wl,-Map,Timer_blink2.map -mmcu=atmega32 -o "Timer_blink2.elf"  ./main.o   
Finished building target: Timer_blink2.elf
 
Invoking: AVR Create Extended Listing
avr-objdump -h -S Timer_blink2.elf  >"Timer_blink2.lss"
Finished building: Timer_blink2.lss
 
Create Flash image (ihex format)
avr-objcopy -R .eeprom -R .fuse -R .lock -R .signature -O ihex Timer_blink2.elf  "Timer_blink2.hex"
Finished building: Timer_blink2.hex
 
Create eeprom image (ihex format)
avr-objcopy -j .eeprom --no-change-warnings --change-section-lma .eeprom=0 -O ihex Timer_blink2.elf  "Timer_blink2.eep"
Finished building: Timer_blink2.eep
 
Invoking: Print Size
avr-size --format=berkeley -t Timer_blink2.elf
   text	   data	    bss	    dec	    hex	filename
    146	      0	      0	    146	     92	Timer_blink2.elf
    146	      0	      0	    146	     92	(TOTALS)
Finished building: sizedummy
 
17:54:47 **** Incremental Build of configuration Release for project Timer_blink2 ****
make all 
Invoking: Print Size
avr-size --format=berkeley -t Timer_blink2.elf
   text	   data	    bss	    dec	    hex	filename
    146	      0	      0	    146	     92	Timer_blink2.elf
    146	      0	      0	    146	     92	(TOTALS)
Finished building: sizedummy
 
17:54:53 **** Incremental Build of configuration Release for project Timer_blink2 ****
make all 
Invoking: Print Size
avr-size --format=berkeley -t Timer_blink2.elf
   text	   data	    bss	    dec	    hex	filename
    146	      0	      0	    146	     92	Timer_blink2.elf
    146	      0	      0	    146	     92	(TOTALS)
Finished building: sizedummy
 
18:00:38 **** Incremental Build of configuration Release for project Timer_blink2 ****
make all 
Building file: ../main.c
Invoking: AVR Compiler
avr-gcc -Wall -Os -fpack-struct -fshort-enums -ffunction-sections -fdata-sections -std=gnu99 -funsigned-char -funsigned-bitfields -mmcu=atmega32 -DF_CPU=1000000UL -MMD -MP -MF"main.d" -MT"main.d" -c -o "main.o" "../main.c"
../main.c:2:10: error: unknown type name 'uint8_t'
subdir.mk:18: recipe for target 'main.o' failed
 volatile uint8_t tot_overflow;
          ^
../main.c:6:1: warning: return type defaults to 'int'
 ISR(TIMER0_OVF_vect)
 ^
../main.c: In function 'ISR':
../main.c:6:1: warning: type of 'TIMER0_OVF_vect' defaults to 'int'
../main.c: In function 'main':
../main.c:15:5: error: 'DDRC' undeclared (first use in this function)
     DDRC |= (1 << 0);
     ^
../main.c:15:5: note: each undeclared identifier is reported only once for each function it appears in
../main.c:18:5: warning: implicit declaration of function 'timer0_init' [-Wimplicit-function-declaration]
     timer0_init();
     ^
../main.c:27:17: error: 'TCNT0' undeclared (first use in this function)
             if (TCNT0 >= 53)
                 ^
../main.c:29:17: error: 'PORTC' undeclared (first use in this function)
                 PORTC ^= (1 << 0);    // toggles the led
                 ^
../main.c: In function 'ISR':
../main.c:10:1: warning: control reaches end of non-void function [-Wreturn-type]
 }
 ^
make: *** [main.o] Error 1
18:00:39 **** Incremental Build of configuration Release for project Timer_blink2 ****
make all 
Building file: ../main.c
Invoking: AVR Compiler
avr-gcc -Wall -Os -fpack-struct -fshort-enums -ffunction-sections -fdata-sections -std=gnu99 -funsigned-char -funsigned-bitfields -mmcu=atmega32 -DF_CPU=1000000UL -MMD -MP -MF"main.d" -MT"main.d" -c -o "main.o" "../main.c"
../main.c:2:10: error: unknown type name 'uint8_t'
 volatile uint8_t tot_overflow;
subdir.mk:18: recipe for target 'main.o' failed
          ^
../main.c:6:1: warning: return type defaults to 'int'
 ISR(TIMER0_OVF_vect)
 ^
../main.c: In function 'ISR':
../main.c:6:1: warning: type of 'TIMER0_OVF_vect' defaults to 'int'
../main.c: In function 'main':
../main.c:15:5: error: 'DDRC' undeclared (first use in this function)
     DDRC |= (1 << 0);
     ^
../main.c:15:5: note: each undeclared identifier is reported only once for each function it appears in
../main.c:18:5: warning: implicit declaration of function 'timer0_init' [-Wimplicit-function-declaration]
     timer0_init();
     ^
../main.c:27:17: error: 'TCNT0' undeclared (first use in this function)
             if (TCNT0 >= 53)
                 ^
../main.c:29:17: error: 'PORTC' undeclared (first use in this function)
                 PORTC ^= (1 << 0);    // toggles the led
                 ^
../main.c: In function 'ISR':
../main.c:10:1: warning: control reaches end of non-void function [-Wreturn-type]
 }
 ^
make: *** [main.o] Error 1
18:00:40 **** Incremental Build of configuration Release for project Timer_blink2 ****
make all 
Building file: ../main.c
Invoking: AVR Compiler
avr-gcc -Wall -Os -fpack-struct -fshort-enums -ffunction-sections -fdata-sections -std=gnu99 -funsigned-char -funsigned-bitfields -mmcu=atmega32 -DF_CPU=1000000UL -MMD -MP -MF"main.d" -MT"main.d" -c -o "main.o" "../main.c"
../main.c:2:10: error: unknown type name 'uint8_t'
 volatile uint8_t tot_overflow;
subdir.mk:18: recipe for target 'main.o' failed
          ^
../main.c:6:1: warning: return type defaults to 'int'
 ISR(TIMER0_OVF_vect)
 ^
../main.c: In function 'ISR':
../main.c:6:1: warning: type of 'TIMER0_OVF_vect' defaults to 'int'
../main.c: In function 'main':
../main.c:15:5: error: 'DDRC' undeclared (first use in this function)
     DDRC |= (1 << 0);
     ^
../main.c:15:5: note: each undeclared identifier is reported only once for each function it appears in
../main.c:18:5: warning: implicit declaration of function 'timer0_init' [-Wimplicit-function-declaration]
     timer0_init();
     ^
../main.c:27:17: error: 'TCNT0' undeclared (first use in this function)
             if (TCNT0 >= 53)
                 ^
../main.c:29:17: error: 'PORTC' undeclared (first use in this function)
                 PORTC ^= (1 << 0);    // toggles the led
                 ^
../main.c: In function 'ISR':
../main.c:10:1: warning: control reaches end of non-void function [-Wreturn-type]
 }
 ^
make: *** [main.o] Error 1
18:00:59 **** Incremental Build of configuration Release for project Timer_blink2 ****
make all 
Building file: ../main.c
Invoking: AVR Compiler
avr-gcc -Wall -Os -fpack-struct -fshort-enums -ffunction-sections -fdata-sections -std=gnu99 -funsigned-char -funsigned-bitfields -mmcu=atmega32 -DF_CPU=1000000UL -MMD -MP -MF"main.d" -MT"main.d" -c -o "main.o" "../main.c"
../main.c:8:1: warning: return type defaults to 'int'
 ISR(TIMER0_OVF_vect)
 ^
../main.c: In function 'ISR':
../main.c:8:1: warning: type of '__vector_11' defaults to 'int'
../main.c: In function 'main':
../main.c:20:5: warning: implicit declaration of function 'timer0_init' [-Wimplicit-function-declaration]
     timer0_init();
Finished building: ../main.c
     ^
../main.c: In function 'ISR':
../main.c:12:1: warning: control reaches end of non-void function [-Wreturn-type]
 }
 ^
 
Building target: Timer_blink2.elf
Invoking: AVR C Linker
avr-gcc -Wl,-Map,Timer_blink2.map -mmcu=atmega32 -o "Timer_blink2.elf"  ./main.o   
./main.o: In function `main':
main.c:(.text.startup.main+0x2): undefined reference to `timer0_init'
collect2: error: ld returned 1 exit status
makefile:50: recipe for target 'Timer_blink2.elf' failed
make: *** [Timer_blink2.elf] Error 1
18:01:00 **** Incremental Build of configuration Release for project Timer_blink2 ****
make all 
Building target: Timer_blink2.elf
Invoking: AVR C Linker
avr-gcc -Wl,-Map,Timer_blink2.map -mmcu=atmega32 -o "Timer_blink2.elf"  ./main.o   
./main.o: In function `main':
main.c:(.text.startup.main+0x2): undefined reference to `timer0_init'
collect2: error: ld returned 1 exit status
makefile:50: recipe for target 'Timer_blink2.elf' failed
make: *** [Timer_blink2.elf] Error 1
18:02:08 **** Incremental Build of configuration Release for project Timer_blink2 ****
make all 
Building file: ../main.c
Invoking: AVR Compiler
avr-gcc -Wall -Os -fpack-struct -fshort-enums -ffunction-sections -fdata-sections -std=gnu99 -funsigned-char -funsigned-bitfields -mmcu=atmega32 -DF_CPU=1000000UL -MMD -MP -MF"main.d" -MT"main.d" -c -o "main.o" "../main.c"
../main.c:36:6: warning: return type of 'main' is not 'int' [-Wmain]
 void main(void)
      ^
Finished building: ../main.c
 
Building target: Timer_blink2.elf
Invoking: AVR C Linker
avr-gcc -Wl,-Map,Timer_blink2.map -mmcu=atmega32 -o "Timer_blink2.elf"  ./main.o   
Finished building target: Timer_blink2.elf
 
Invoking: AVR Create Extended Listing
avr-objdump -h -S Timer_blink2.elf  >"Timer_blink2.lss"
Finished building: Timer_blink2.lss
 
Create Flash image (ihex format)
avr-objcopy -R .eeprom -R .fuse -R .lock -R .signature -O ihex Timer_blink2.elf  "Timer_blink2.hex"
Finished building: Timer_blink2.hex
 
Create eeprom image (ihex format)
avr-objcopy -j .eeprom --no-change-warnings --change-section-lma .eeprom=0 -O ihex Timer_blink2.elf  "Timer_blink2.eep"
Finished building: Timer_blink2.eep
 
Invoking: Print Size
avr-size --format=berkeley -t Timer_blink2.elf
   text	   data	    bss	    dec	    hex	filename
    218	      0	      1	    219	     db	Timer_blink2.elf
    218	      0	      1	    219	     db	(TOTALS)
Finished building: sizedummy
 
18:02:14 **** Incremental Build of configuration Release for project Timer_blink2 ****
make all 
Building file: ../main.c
Invoking: AVR Compiler
avr-gcc -Wall -Os -fpack-struct -fshort-enums -ffunction-sections -fdata-sections -std=gnu99 -funsigned-char -funsigned-bitfields -mmcu=atmega32 -DF_CPU=1000000UL -MMD -MP -MF"main.d" -MT"main.d" -c -o "main.o" "../main.c"
../main.c:36:6: warning: return type of 'main' is not 'int' [-Wmain]
 void main(void)
      ^
Finished building: ../main.c
 
Building target: Timer_blink2.elf
Invoking: AVR C Linker
avr-gcc -Wl,-Map,Timer_blink2.map -mmcu=atmega32 -o "Timer_blink2.elf"  ./main.o   
Finished building target: Timer_blink2.elf
 
Invoking: AVR Create Extended Listing
avr-objdump -h -S Timer_blink2.elf  >"Timer_blink2.lss"
Finished building: Timer_blink2.lss
 
Create Flash image (ihex format)
avr-objcopy -R .eeprom -R .fuse -R .lock -R .signature -O ihex Timer_blink2.elf  "Timer_blink2.hex"
Finished building: Timer_blink2.hex
 
Create eeprom image (ihex format)
avr-objcopy -j .eeprom --no-change-warnings --change-section-lma .eeprom=0 -O ihex Timer_blink2.elf  "Timer_blink2.eep"
Finished building: Timer_blink2.eep
 
Invoking: Print Size
avr-size --format=berkeley -t Timer_blink2.elf
   text	   data	    bss	    dec	    hex	filename
    218	      0	      1	    219	     db	Timer_blink2.elf
    218	      0	      1	    219	     db	(TOTALS)
Finished building: sizedummy
 
18:02:14 **** Incremental Build of configuration Release for project Timer_blink2 ****
make all 
Invoking: Print Size
avr-size --format=berkeley -t Timer_blink2.elf
   text	   data	    bss	    dec	    hex	filename
    218	      0	      1	    219	     db	Timer_blink2.elf
    218	      0	      1	    219	     db	(TOTALS)
Finished building: sizedummy
 
18:02:29 **** Incremental Build of configuration Release for project Timer_blink2 ****
make all 
Building file: ../main.c
Invoking: AVR Compiler
avr-gcc -Wall -Os -fpack-struct -fshort-enums -ffunction-sections -fdata-sections -std=gnu99 -funsigned-char -funsigned-bitfields -mmcu=atmega32 -DF_CPU=1000000UL -MMD -MP -MF"main.d" -MT"main.d" -c -o "main.o" "../main.c"
../main.c:36:6: warning: return type of 'main' is not 'int' [-Wmain]
 void main(void)
      ^
Finished building: ../main.c
 
Building target: Timer_blink2.elf
Invoking: AVR C Linker
avr-gcc -Wl,-Map,Timer_blink2.map -mmcu=atmega32 -o "Timer_blink2.elf"  ./main.o   
Finished building target: Timer_blink2.elf
 
Invoking: AVR Create Extended Listing
avr-objdump -h -S Timer_blink2.elf  >"Timer_blink2.lss"
Finished building: Timer_blink2.lss
 
Create Flash image (ihex format)
avr-objcopy -R .eeprom -R .fuse -R .lock -R .signature -O ihex Timer_blink2.elf  "Timer_blink2.hex"
Finished building: Timer_blink2.hex
 
Create eeprom image (ihex format)
avr-objcopy -j .eeprom --no-change-warnings --change-section-lma .eeprom=0 -O ihex Timer_blink2.elf  "Timer_blink2.eep"
Finished building: Timer_blink2.eep
 
Invoking: Print Size
avr-size --format=berkeley -t Timer_blink2.elf
   text	   data	    bss	    dec	    hex	filename
    218	      0	      1	    219	     db	Timer_blink2.elf
    218	      0	      1	    219	     db	(TOTALS)
Finished building: sizedummy
 
18:02:30 **** Incremental Build of configuration Release for project Timer_blink2 ****
make all 
Invoking: Print Size
avr-size --format=berkeley -t Timer_blink2.elf
   text	   data	    bss	    dec	    hex	filename
    218	      0	      1	    219	     db	Timer_blink2.elf
    218	      0	      1	    219	     db	(TOTALS)
Finished building: sizedummy
 
18:03:04 **** Incremental Build of configuration Release for project Timer_blink2 ****
make all 
Building file: ../main.c
Invoking: AVR Compiler
avr-gcc -Wall -Os -fpack-struct -fshort-enums -ffunction-sections -fdata-sections -std=gnu99 -funsigned-char -funsigned-bitfields -mmcu=atmega32 -DF_CPU=1000000UL -MMD -MP -MF"main.d" -MT"main.d" -c -o "main.o" "../main.c"
../main.c:36:6: warning: return type of 'main' is not 'int' [-Wmain]
 void main(void)
      ^
Finished building: ../main.c
 
Building target: Timer_blink2.elf
Invoking: AVR C Linker
avr-gcc -Wl,-Map,Timer_blink2.map -mmcu=atmega32 -o "Timer_blink2.elf"  ./main.o   
Finished building target: Timer_blink2.elf
 
Invoking: AVR Create Extended Listing
avr-objdump -h -S Timer_blink2.elf  >"Timer_blink2.lss"
Finished building: Timer_blink2.lss
 
Create Flash image (ihex format)
avr-objcopy -R .eeprom -R .fuse -R .lock -R .signature -O ihex Timer_blink2.elf  "Timer_blink2.hex"
Finished building: Timer_blink2.hex
 
Create eeprom image (ihex format)
avr-objcopy -j .eeprom --no-change-warnings --change-section-lma .eeprom=0 -O ihex Timer_blink2.elf  "Timer_blink2.eep"
Finished building: Timer_blink2.eep
 
Invoking: Print Size
avr-size --format=berkeley -t Timer_blink2.elf
   text	   data	    bss	    dec	    hex	filename
    218	      0	      1	    219	     db	Timer_blink2.elf
    218	      0	      1	    219	     db	(TOTALS)
Finished building: sizedummy
 
18:03:04 **** Incremental Build of configuration Release for project Timer_blink2 ****
make all 
Invoking: Print Size
avr-size --format=berkeley -t Timer_blink2.elf
   text	   data	    bss	    dec	    hex	filename
    218	      0	      1	    219	     db	Timer_blink2.elf
    218	      0	      1	    219	     db	(TOTALS)
Finished building: sizedummy
 
18:03:05 **** Incremental Build of configuration Release for project Timer_blink2 ****
make all 
Invoking: Print Size
avr-size --format=berkeley -t Timer_blink2.elf
   text	   data	    bss	    dec	    hex	filename
    218	      0	      1	    219	     db	Timer_blink2.elf
    218	      0	      1	    219	     db	(TOTALS)
Finished building: sizedummy
 
18:03:45 **** Incremental Build of configuration Release for project Timer_blink2 ****
make all 
Building file: ../main.c
Invoking: AVR Compiler
avr-gcc -Wall -Os -fpack-struct -fshort-enums -ffunction-sections -fdata-sections -std=gnu99 -funsigned-char -funsigned-bitfields -mmcu=atmega32 -DF_CPU=1000000UL -MMD -MP -MF"main.d" -MT"main.d" -c -o "main.o" "../main.c"
../main.c:36:6: warning: return type of 'main' is not 'int' [-Wmain]
 void main(void)
      ^
Finished building: ../main.c
 
Building target: Timer_blink2.elf
Invoking: AVR C Linker
avr-gcc -Wl,-Map,Timer_blink2.map -mmcu=atmega32 -o "Timer_blink2.elf"  ./main.o   
Finished building target: Timer_blink2.elf
 
Invoking: AVR Create Extended Listing
avr-objdump -h -S Timer_blink2.elf  >"Timer_blink2.lss"
Finished building: Timer_blink2.lss
 
Create Flash image (ihex format)
avr-objcopy -R .eeprom -R .fuse -R .lock -R .signature -O ihex Timer_blink2.elf  "Timer_blink2.hex"
Finished building: Timer_blink2.hex
 
Create eeprom image (ihex format)
avr-objcopy -j .eeprom --no-change-warnings --change-section-lma .eeprom=0 -O ihex Timer_blink2.elf  "Timer_blink2.eep"
Finished building: Timer_blink2.eep
 
Invoking: Print Size
avr-size --format=berkeley -t Timer_blink2.elf
   text	   data	    bss	    dec	    hex	filename
    210	      0	      1	    211	     d3	Timer_blink2.elf
    210	      0	      1	    211	     d3	(TOTALS)
Finished building: sizedummy
 
18:03:46 **** Incremental Build of configuration Release for project Timer_blink2 ****
make all 
Invoking: Print Size
avr-size --format=berkeley -t Timer_blink2.elf
   text	   data	    bss	    dec	    hex	filename
    210	      0	      1	    211	     d3	Timer_blink2.elf
    210	      0	      1	    211	     d3	(TOTALS)
Finished building: sizedummy
 
18:03:47 **** Incremental Build of configuration Release for project Timer_blink2 ****
make all 
Invoking: Print Size
avr-size --format=berkeley -t Timer_blink2.elf
   text	   data	    bss	    dec	    hex	filename
    210	      0	      1	    211	     d3	Timer_blink2.elf
    210	      0	      1	    211	     d3	(TOTALS)
Finished building: sizedummy
 
18:05:37 **** Incremental Build of configuration Release for project Timer_blink2 ****
make all 
Building file: ../main.c
Invoking: AVR Compiler
avr-gcc -Wall -Os -fpack-struct -fshort-enums -ffunction-sections -fdata-sections -std=gnu99 -funsigned-char -funsigned-bitfields -mmcu=atmega32 -DF_CPU=1000000UL -MMD -MP -MF"main.d" -MT"main.d" -c -o "main.o" "../main.c"
../main.c: In function 'main':
../main.c:28:5: warning: implicit declaration of function 'timer0_init' [-Wimplicit-function-declaration]
     timer0_init();
     ^
Finished building: ../main.c
 
Building target: Timer_blink2.elf
Invoking: AVR C Linker
avr-gcc -Wl,-Map,Timer_blink2.map -mmcu=atmega32 -o "Timer_blink2.elf"  ./main.o   
./main.o: In function `main':
main.c:(.text.startup.main+0x2): undefined reference to `timer0_init'
collect2: error: ld returned 1 exit status
makefile:50: recipe for target 'Timer_blink2.elf' failed
make: *** [Timer_blink2.elf] Error 1
18:06:56 **** Incremental Build of configuration Release for project Timer_blink2 ****
make all 
Building file: ../main.c
Invoking: AVR Compiler
avr-gcc -Wall -Os -fpack-struct -fshort-enums -ffunction-sections -fdata-sections -std=gnu99 -funsigned-char -funsigned-bitfields -mmcu=atmega32 -DF_CPU=1000000UL -MMD -MP -MF"main.d" -MT"main.d" -c -o "main.o" "../main.c"
Finished building: ../main.c
 
Building target: Timer_blink2.elf
Invoking: AVR C Linker
avr-gcc -Wl,-Map,Timer_blink2.map -mmcu=atmega32 -o "Timer_blink2.elf"  ./main.o   
Finished building target: Timer_blink2.elf
 
Invoking: AVR Create Extended Listing
avr-objdump -h -S Timer_blink2.elf  >"Timer_blink2.lss"
Finished building: Timer_blink2.lss
 
Create Flash image (ihex format)
avr-objcopy -R .eeprom -R .fuse -R .lock -R .signature -O ihex Timer_blink2.elf  "Timer_blink2.hex"
Finished building: Timer_blink2.hex
 
Create eeprom image (ihex format)
avr-objcopy -j .eeprom --no-change-warnings --change-section-lma .eeprom=0 -O ihex Timer_blink2.elf  "Timer_blink2.eep"
Finished building: Timer_blink2.eep
 
Invoking: Print Size
avr-size --format=berkeley -t Timer_blink2.elf
   text	   data	    bss	    dec	    hex	filename
    208	      0	      1	    209	     d1	Timer_blink2.elf
    208	      0	      1	    209	     d1	(TOTALS)
Finished building: sizedummy
 
18:07:03 **** Incremental Build of configuration Release for project Timer_blink2 ****
make all 
Building file: ../main.c
Invoking: AVR Compiler
avr-gcc -Wall -Os -fpack-struct -fshort-enums -ffunction-sections -fdata-sections -std=gnu99 -funsigned-char -funsigned-bitfields -mmcu=atmega32 -DF_CPU=1000000UL -MMD -MP -MF"main.d" -MT"main.d" -c -o "main.o" "../main.c"
Finished building: ../main.c
 
Building target: Timer_blink2.elf
Invoking: AVR C Linker
avr-gcc -Wl,-Map,Timer_blink2.map -mmcu=atmega32 -o "Timer_blink2.elf"  ./main.o   
Finished building target: Timer_blink2.elf
 
Invoking: AVR Create Extended Listing
avr-objdump -h -S Timer_blink2.elf  >"Timer_blink2.lss"
Finished building: Timer_blink2.lss
 
Create Flash image (ihex format)
avr-objcopy -R .eeprom -R .fuse -R .lock -R .signature -O ihex Timer_blink2.elf  "Timer_blink2.hex"
Finished building: Timer_blink2.hex
 
Create eeprom image (ihex format)
avr-objcopy -j .eeprom --no-change-warnings --change-section-lma .eeprom=0 -O ihex Timer_blink2.elf  "Timer_blink2.eep"
Finished building: Timer_blink2.eep
 
Invoking: Print Size
avr-size --format=berkeley -t Timer_blink2.elf
   text	   data	    bss	    dec	    hex	filename
    208	      0	      1	    209	     d1	Timer_blink2.elf
    208	      0	      1	    209	     d1	(TOTALS)
Finished building: sizedummy
 
18:12:31 **** Incremental Build of configuration Release for project Timer_blink2 ****
make all 
Invoking: Print Size
avr-size --format=berkeley -t Timer_blink2.elf
   text	   data	    bss	    dec	    hex	filename
    208	      0	      1	    209	     d1	Timer_blink2.elf
    208	      0	      1	    209	     d1	(TOTALS)
Finished building: sizedummy
 
18:12:32 **** Incremental Build of configuration Release for project Timer_blink2 ****
make all 
Invoking: Print Size
avr-size --format=berkeley -t Timer_blink2.elf
   text	   data	    bss	    dec	    hex	filename
    208	      0	      1	    209	     d1	Timer_blink2.elf
    208	      0	      1	    209	     d1	(TOTALS)
Finished building: sizedummy
 
18:14:04 **** Incremental Build of configuration Release for project Timer_blink2 ****
make all 
Building file: ../main.c
Invoking: AVR Compiler
avr-gcc -Wall -Os -fpack-struct -fshort-enums -ffunction-sections -fdata-sections -std=gnu99 -funsigned-char -funsigned-bitfields -mmcu=atmega32 -DF_CPU=1000000UL -MMD -MP -MF"main.d" -MT"main.d" -c -o "main.o" "../main.c"
Finished building: ../main.c
 
Building target: Timer_blink2.elf
Invoking: AVR C Linker
avr-gcc -Wl,-Map,Timer_blink2.map -mmcu=atmega32 -o "Timer_blink2.elf"  ./main.o   
Finished building target: Timer_blink2.elf
 
Invoking: AVR Create Extended Listing
avr-objdump -h -S Timer_blink2.elf  >"Timer_blink2.lss"
Finished building: Timer_blink2.lss
 
Create Flash image (ihex format)
avr-objcopy -R .eeprom -R .fuse -R .lock -R .signature -O ihex Timer_blink2.elf  "Timer_blink2.hex"
Finished building: Timer_blink2.hex
 
Create eeprom image (ihex format)
avr-objcopy -j .eeprom --no-change-warnings --change-section-lma .eeprom=0 -O ihex Timer_blink2.elf  "Timer_blink2.eep"
Finished building: Timer_blink2.eep
 
Invoking: Print Size
avr-size --format=berkeley -t Timer_blink2.elf
   text	   data	    bss	    dec	    hex	filename
    220	      0	      1	    221	     dd	Timer_blink2.elf
    220	      0	      1	    221	     dd	(TOTALS)
Finished building: sizedummy
 
18:14:05 **** Incremental Build of configuration Release for project Timer_blink2 ****
make all 
Invoking: Print Size
avr-size --format=berkeley -t Timer_blink2.elf
   text	   data	    bss	    dec	    hex	filename
    220	      0	      1	    221	     dd	Timer_blink2.elf
    220	      0	      1	    221	     dd	(TOTALS)
Finished building: sizedummy
 
18:14:05 **** Incremental Build of configuration Release for project Timer_blink2 ****
make all 
Invoking: Print Size
avr-size --format=berkeley -t Timer_blink2.elf
   text	   data	    bss	    dec	    hex	filename
    220	      0	      1	    221	     dd	Timer_blink2.elf
    220	      0	      1	    221	     dd	(TOTALS)
Finished building: sizedummy
 
18:17:14 **** Incremental Build of configuration Release for project Timer_blink2 ****
make all 
Building file: ../main.c
Invoking: AVR Compiler
avr-gcc -Wall -Os -fpack-struct -fshort-enums -ffunction-sections -fdata-sections -std=gnu99 -funsigned-char -funsigned-bitfields -mmcu=atmega32 -DF_CPU=1000000UL -MMD -MP -MF"main.d" -MT"main.d" -c -o "main.o" "../main.c"
Finished building: ../main.c
 
Building target: Timer_blink2.elf
Invoking: AVR C Linker
avr-gcc -Wl,-Map,Timer_blink2.map -mmcu=atmega32 -o "Timer_blink2.elf"  ./main.o   
Finished building target: Timer_blink2.elf
 
Invoking: AVR Create Extended Listing
avr-objdump -h -S Timer_blink2.elf  >"Timer_blink2.lss"
Finished building: Timer_blink2.lss
 
Create Flash image (ihex format)
avr-objcopy -R .eeprom -R .fuse -R .lock -R .signature -O ihex Timer_blink2.elf  "Timer_blink2.hex"
Finished building: Timer_blink2.hex
 
Create eeprom image (ihex format)
avr-objcopy -j .eeprom --no-change-warnings --change-section-lma .eeprom=0 -O ihex Timer_blink2.elf  "Timer_blink2.eep"
Finished building: Timer_blink2.eep
 
Invoking: Print Size
avr-size --format=berkeley -t Timer_blink2.elf
   text	   data	    bss	    dec	    hex	filename
    218	      0	      1	    219	     db	Timer_blink2.elf
    218	      0	      1	    219	     db	(TOTALS)
Finished building: sizedummy
 
18:17:15 **** Incremental Build of configuration Release for project Timer_blink2 ****
make all 
Invoking: Print Size
avr-size --format=berkeley -t Timer_blink2.elf
   text	   data	    bss	    dec	    hex	filename
    218	      0	      1	    219	     db	Timer_blink2.elf
    218	      0	      1	    219	     db	(TOTALS)
Finished building: sizedummy
 
18:17:27 **** Incremental Build of configuration Release for project Timer_blink2 ****
make all 
Invoking: Print Size
avr-size --format=berkeley -t Timer_blink2.elf
   text	   data	    bss	    dec	    hex	filename
    218	      0	      1	    219	     db	Timer_blink2.elf
    218	      0	      1	    219	     db	(TOTALS)
Finished building: sizedummy
 
18:18:14 **** Incremental Build of configuration Release for project Timer_blink2 ****
make all 
Building file: ../main.c
Invoking: AVR Compiler
avr-gcc -Wall -Os -fpack-struct -fshort-enums -ffunction-sections -fdata-sections -std=gnu99 -funsigned-char -funsigned-bitfields -mmcu=atmega32 -DF_CPU=1000000UL -MMD -MP -MF"main.d" -MT"main.d" -c -o "main.o" "../main.c"
Finished building: ../main.c
 
Building target: Timer_blink2.elf
Invoking: AVR C Linker
avr-gcc -Wl,-Map,Timer_blink2.map -mmcu=atmega32 -o "Timer_blink2.elf"  ./main.o   
Finished building target: Timer_blink2.elf
 
Invoking: AVR Create Extended Listing
avr-objdump -h -S Timer_blink2.elf  >"Timer_blink2.lss"
Finished building: Timer_blink2.lss
 
Create Flash image (ihex format)
avr-objcopy -R .eeprom -R .fuse -R .lock -R .signature -O ihex Timer_blink2.elf  "Timer_blink2.hex"
Finished building: Timer_blink2.hex
 
Create eeprom image (ihex format)
avr-objcopy -j .eeprom --no-change-warnings --change-section-lma .eeprom=0 -O ihex Timer_blink2.elf  "Timer_blink2.eep"
Finished building: Timer_blink2.eep
 
Invoking: Print Size
avr-size --format=berkeley -t Timer_blink2.elf
   text	   data	    bss	    dec	    hex	filename
    218	      0	      1	    219	     db	Timer_blink2.elf
    218	      0	      1	    219	     db	(TOTALS)
Finished building: sizedummy
 
18:18:21 **** Incremental Build of configuration Release for project Timer_blink2 ****
make all 
Building file: ../main.c
Invoking: AVR Compiler
avr-gcc -Wall -Os -fpack-struct -fshort-enums -ffunction-sections -fdata-sections -std=gnu99 -funsigned-char -funsigned-bitfields -mmcu=atmega32 -DF_CPU=1000000UL -MMD -MP -MF"main.d" -MT"main.d" -c -o "main.o" "../main.c"
Finished building: ../main.c
 
Building target: Timer_blink2.elf
Invoking: AVR C Linker
avr-gcc -Wl,-Map,Timer_blink2.map -mmcu=atmega32 -o "Timer_blink2.elf"  ./main.o   
Finished building target: Timer_blink2.elf
 
Invoking: AVR Create Extended Listing
avr-objdump -h -S Timer_blink2.elf  >"Timer_blink2.lss"
Finished building: Timer_blink2.lss
 
Create Flash image (ihex format)
avr-objcopy -R .eeprom -R .fuse -R .lock -R .signature -O ihex Timer_blink2.elf  "Timer_blink2.hex"
Finished building: Timer_blink2.hex
 
Create eeprom image (ihex format)
avr-objcopy -j .eeprom --no-change-warnings --change-section-lma .eeprom=0 -O ihex Timer_blink2.elf  "Timer_blink2.eep"
Finished building: Timer_blink2.eep
 
Invoking: Print Size
avr-size --format=berkeley -t Timer_blink2.elf
   text	   data	    bss	    dec	    hex	filename
    218	      0	      1	    219	     db	Timer_blink2.elf
    218	      0	      1	    219	     db	(TOTALS)
Finished building: sizedummy
 
18:18:22 **** Incremental Build of configuration Release for project Timer_blink2 ****
make all 
Invoking: Print Size
avr-size --format=berkeley -t Timer_blink2.elf
   text	   data	    bss	    dec	    hex	filename
    218	      0	      1	    219	     db	Timer_blink2.elf
    218	      0	      1	    219	     db	(TOTALS)
Finished building: sizedummy
 
18:22:01 **** Incremental Build of configuration Release for project Timer2 ****
make all 
Building file: ../main.c
Invoking: AVR Compiler
avr-gcc -Wall -Os -fpack-struct -fshort-enums -ffunction-sections -fdata-sections -std=gnu99 -funsigned-char -funsigned-bitfields -mmcu=atmega32 -DF_CPU=8000000UL -MMD -MP -MF"main.d" -MT"main.d" -c -o "main.o" "../main.c"
Finished building: ../main.c
 
Building target: Timer2.elf
Invoking: AVR C Linker
avr-gcc -Wl,-Map,Timer2.map -mmcu=atmega32 -o "Timer2.elf"  ./main.o   
Finished building target: Timer2.elf
 
Invoking: AVR Create Extended Listing
avr-objdump -h -S Timer2.elf  >"Timer2.lss"
Finished building: Timer2.lss
 
Create Flash image (ihex format)
avr-objcopy -R .eeprom -R .fuse -R .lock -R .signature -O ihex Timer2.elf  "Timer2.hex"
Finished building: Timer2.hex
 
Create eeprom image (ihex format)
avr-objcopy -j .eeprom --no-change-warnings --change-section-lma .eeprom=0 -O ihex Timer2.elf  "Timer2.eep"
Finished building: Timer2.eep
 
Invoking: Print Size
avr-size --format=berkeley -t Timer2.elf
   text	   data	    bss	    dec	    hex	filename
    222	      0	      1	    223	     df	Timer2.elf
    222	      0	      1	    223	     df	(TOTALS)
Finished building: sizedummy
 
18:22:01 **** Incremental Build of configuration Release for project Timer_blink2 ****
make all 
Invoking: Print Size
avr-size --format=berkeley -t Timer_blink2.elf
   text	   data	    bss	    dec	    hex	filename
    218	      0	      1	    219	     db	Timer_blink2.elf
    218	      0	      1	    219	     db	(TOTALS)
Finished building: sizedummy
 
18:22:02 **** Incremental Build of configuration Release for project Timer2 ****
make all 
Invoking: Print Size
avr-size --format=berkeley -t Timer2.elf
   text	   data	    bss	    dec	    hex	filename
    222	      0	      1	    223	     df	Timer2.elf
    222	      0	      1	    223	     df	(TOTALS)
Finished building: sizedummy
 
18:22:02 **** Incremental Build of configuration Release for project Timer_blink2 ****
make all 
Invoking: Print Size
[...]
/usr/avr/include/string.h:125:12: note: expected 'const char *' but argument is of type 'uint8 *'
 extern int strcmp(const char *, const char *) __ATTR_PURE__;
            ^
../set_Passwd.c:17:12: warning: unused variable 'comp_Array' [-Wunused-variable]
  uint8 i=0,comp_Array=1,* re_Passwd;
            ^
../set_Passwd.c:17:8: warning: unused variable 'i' [-Wunused-variable]
  uint8 i=0,comp_Array=1,* re_Passwd;
Finished building: ../set_Passwd.c
        ^
../set_Passwd.c: In function 'enter_Passwd':
../set_Passwd.c:63:2: warning: implicit declaration of function 'malloc' [-Wimplicit-function-declaration]
  password = (uint8 *) malloc(15);
  ^
../set_Passwd.c:63:23: warning: incompatible implicit declaration of built-in function 'malloc'
  password = (uint8 *) malloc(15);
 
                       ^
Building target: Project-HMI-ECU.elf
Invoking: AVR C Linker
avr-gcc -Wl,-Map,Project-HMI-ECU.map -mmcu=atmega32 -o "Project-HMI-ECU.elf"  ./DIO.o ./Keypad.o ./USART.o ./app.o ./lcd.o ./main.o ./set_Passwd.o ./timer.o   
Finished building target: Project-HMI-ECU.elf
 
Invoking: AVR Create Extended Listing
avr-objdump -h -S Project-HMI-ECU.elf  >"Project-HMI-ECU.lss"
Finished building: Project-HMI-ECU.lss
 
Create Flash image (ihex format)
avr-objcopy -R .eeprom -R .fuse -R .lock -R .signature -O ihex Project-HMI-ECU.elf  "Project-HMI-ECU.hex"
Finished building: Project-HMI-ECU.hex
 
Create eeprom image (ihex format)
avr-objcopy -j .eeprom --no-change-warnings --change-section-lma .eeprom=0 -O ihex Project-HMI-ECU.elf  "Project-HMI-ECU.eep"
Finished building: Project-HMI-ECU.eep
 
Invoking: Print Size
avr-size --format=berkeley -t Project-HMI-ECU.elf
   text	   data	    bss	    dec	    hex	filename
   2696	    134	      6	   2836	    b14	Project-HMI-ECU.elf
   2696	    134	      6	   2836	    b14	(TOTALS)
Finished building: sizedummy
 
23:38:11 **** Incremental Build of configuration Release for project Project-Control-ECU ****
make all 
Invoking: Print Size
avr-size --format=berkeley -t Project-Control-ECU.elf
   text	   data	    bss	    dec	    hex	filename
   2050	     10	      0	   2060	    80c	Project-Control-ECU.elf
   2050	     10	      0	   2060	    80c	(TOTALS)
Finished building: sizedummy
 
23:38:11 **** Incremental Build of configuration Release for project Project-HMI-ECU ****
make all 
Building file: ../set_Passwd.c
Invoking: AVR Compiler
avr-gcc -Wall -Os -fpack-struct -fshort-enums -ffunction-sections -fdata-sections -std=gnu99 -funsigned-char -funsigned-bitfields -mmcu=atmega32 -DF_CPU=1000000UL -MMD -MP -MF"set_Passwd.d" -MT"set_Passwd.d" -c -o "set_Passwd.o" "../set_Passwd.c"
In file included from ../set_Passwd.h:13:0,
                 from ../set_Passwd.c:9:
../micro_config.h:2:1: warning: "/*" within comment [-Wcomment]
 /** @file    App.c
 ^
../set_Passwd.c: In function 'set_Passwd':
../set_Passwd.c:39:15: warning: pointer targets in passing argument 1 of 'strcmp' differ in signedness [-Wpointer-sign]
   if (!strcmp(passwd,re_Passwd)){
               ^
In file included from ../set_Passwd.h:16:0,
                 from ../set_Passwd.c:9:
/usr/avr/include/string.h:125:12: note: expected 'const char *' but argument is of type 'uint8 *'
Finished building: ../set_Passwd.c
 
 extern int strcmp(const char *, const char *) __ATTR_PURE__;
            ^
../set_Passwd.c:39:22: warning: pointer targets in passing argument 2 of 'strcmp' differ in signedness [-Wpointer-sign]
   if (!strcmp(passwd,re_Passwd)){
                      ^
In file included from ../set_Passwd.h:16:0,
                 from ../set_Passwd.c:9:
/usr/avr/include/string.h:125:12: note: expected 'const char *' but argument is of type 'uint8 *'
 extern int strcmp(const char *, const char *) __ATTR_PURE__;
            ^
../set_Passwd.c:17:12: warning: unused variable 'comp_Array' [-Wunused-variable]
  uint8 i=0,comp_Array=1,* re_Passwd;
            ^
../set_Passwd.c:17:8: warning: unused variable 'i' [-Wunused-variable]
  uint8 i=0,comp_Array=1,* re_Passwd;
        ^
../set_Passwd.c: In function 'enter_Passwd':
../set_Passwd.c:63:2: warning: implicit declaration of function 'malloc' [-Wimplicit-function-declaration]
  password = (uint8 *) malloc(15);
  ^
../set_Passwd.c:63:23: warning: incompatible implicit declaration of built-in function 'malloc'
  password = (uint8 *) malloc(15);
                       ^
Building target: Project-HMI-ECU.elf
Invoking: AVR C Linker
avr-gcc -Wl,-Map,Project-HMI-ECU.map -mmcu=atmega32 -o "Project-HMI-ECU.elf"  ./DIO.o ./Keypad.o ./USART.o ./app.o ./lcd.o ./main.o ./set_Passwd.o ./timer.o   
Finished building target: Project-HMI-ECU.elf
 
Invoking: AVR Create Extended Listing
avr-objdump -h -S Project-HMI-ECU.elf  >"Project-HMI-ECU.lss"
Finished building: Project-HMI-ECU.lss
 
Create Flash image (ihex format)
avr-objcopy -R .eeprom -R .fuse -R .lock -R .signature -O ihex Project-HMI-ECU.elf  "Project-HMI-ECU.hex"
Finished building: Project-HMI-ECU.hex
 
Create eeprom image (ihex format)
avr-objcopy -j .eeprom --no-change-warnings --change-section-lma .eeprom=0 -O ihex Project-HMI-ECU.elf  "Project-HMI-ECU.eep"
Finished building: Project-HMI-ECU.eep
 
Invoking: Print Size
avr-size --format=berkeley -t Project-HMI-ECU.elf
   text	   data	    bss	    dec	    hex	filename
   2696	    134	      6	   2836	    b14	Project-HMI-ECU.elf
   2696	    134	      6	   2836	    b14	(TOTALS)
Finished building: sizedummy
 
23:39:44 **** Incremental Build of configuration Release for project Project-Control-ECU ****
make all 
Building file: ../app.c
Invoking: AVR Compiler
avr-gcc -Wall -Os -fpack-struct -fshort-enums -ffunction-sections -fdata-sections -std=gnu99 -funsigned-char -funsigned-bitfields -mmcu=atmega32 -DF_CPU=1000000UL -MMD -MP -MF"app.d" -MT"app.d" -c -o "app.o" "../app.c"
In file included from ../app.h:14:0,
                 from ../app.c:9:
../micro_config.h:2:1: warning: "/*" within comment [-Wcomment]
 /** @file    App.c
 ^
../app.c: In function 'authResponse':
../app.c:35:21: warning: pointer targets in passing argument 1 of 'UART_ReceiveString' differ in signedness [-Wpointer-sign]
  UART_ReceiveString(password);
Finished building: ../app.c
                     ^
In file included from ../app.h:12:0,
                 from ../app.c:9:
 
../USART.h:22:6: note: expected 'char *' but argument is of type 'uint8 *'
 void UART_ReceiveString(char *Str); // Receive until #
      ^
../app.c:54:2: warning: implicit declaration of function 'strcmp' [-Wimplicit-function-declaration]
  if (!strcmp(password,savedPassword)){
Building target: Project-Control-ECU.elf
  ^
../app.c:31:50: warning: unused variable 'temp' [-Wunused-variable]
  uint8 i, password[SIZE]={}, savedPassword[SIZE]={}, temp[SIZE];
                                                  ^
../app.c: In function 'savePassword':
../app.c:80:21: warning: pointer targets in passing argument 1 of 'UART_ReceiveString' differ in signedness [-Wpointer-sign]
  UART_ReceiveString(passwd);
Invoking: AVR C Linker
                     ^
In file included from ../app.h:12:0,
                 from ../app.c:9:
../USART.h:22:6: note: expected 'char *' but argument is of type 'uint8 *'
 void UART_ReceiveString(char *Str); // Receive until #
avr-gcc -Wl,-Map,Project-Control-ECU.map -mmcu=atmega32 -o "Project-Control-ECU.elf"  ./DIO.o ./External_EEPROM.o ./I2C.o ./USART.o ./app.o ./lcd.o ./main.o   
      ^
../app.c:86:3: warning: iteration 16u invokes undefined behavior [-Waggressive-loop-optimizations]
   EEPROM_Write_Byte(address++, passwd[i]);
   ^
../app.c:84:2: note: containing loop
  for (i=0;i<=sizeof(passwd);i++)
  ^
Finished building target: Project-Control-ECU.elf
 
Invoking: AVR Create Extended Listing
avr-objdump -h -S Project-Control-ECU.elf  >"Project-Control-ECU.lss"
Finished building: Project-Control-ECU.lss
 
Create Flash image (ihex format)
avr-objcopy -R .eeprom -R .fuse -R .lock -R .signature -O ihex Project-Control-ECU.elf  "Project-Control-ECU.hex"
Finished building: Project-Control-ECU.hex
 
Create eeprom image (ihex format)
avr-objcopy -j .eeprom --no-change-warnings --change-section-lma .eeprom=0 -O ihex Project-Control-ECU.elf  "Project-Control-ECU.eep"
Finished building: Project-Control-ECU.eep
 
Invoking: Print Size
avr-size --format=berkeley -t Project-Control-ECU.elf
   text	   data	    bss	    dec	    hex	filename
   1994	     10	      0	   2004	    7d4	Project-Control-ECU.elf
   1994	     10	      0	   2004	    7d4	(TOTALS)
Finished building: sizedummy
 
23:39:45 **** Incremental Build of configuration Release for project Project-HMI-ECU ****
make all 
Invoking: Print Size
avr-size --format=berkeley -t Project-HMI-ECU.elf
   text	   data	    bss	    dec	    hex	filename
   2696	    134	      6	   2836	    b14	Project-HMI-ECU.elf
   2696	    134	      6	   2836	    b14	(TOTALS)
Finished building: sizedummy
 
23:39:52 **** Incremental Build of configuration Release for project Project-Control-ECU ****
make all 
Invoking: Print Size
avr-size --format=berkeley -t Project-Control-ECU.elf
   text	   data	    bss	    dec	    hex	filename
   1994	     10	      0	   2004	    7d4	Project-Control-ECU.elf
   1994	     10	      0	   2004	    7d4	(TOTALS)
Finished building: sizedummy
 
23:39:52 **** Incremental Build of configuration Release for project Project-HMI-ECU ****
make all 
Invoking: Print Size
avr-size --format=berkeley -t Project-HMI-ECU.elf
   text	   data	    bss	    dec	    hex	filename
   2696	    134	      6	   2836	    b14	Project-HMI-ECU.elf
   2696	    134	      6	   2836	    b14	(TOTALS)
Finished building: sizedummy
 
23:42:42 **** Incremental Build of configuration Release for project Project-Control-ECU ****
make all 
Building file: ../app.c
Invoking: AVR Compiler
avr-gcc -Wall -Os -fpack-struct -fshort-enums -ffunction-sections -fdata-sections -std=gnu99 -funsigned-char -funsigned-bitfields -mmcu=atmega32 -DF_CPU=1000000UL -MMD -MP -MF"app.d" -MT"app.d" -c -o "app.o" "../app.c"
In file included from ../app.h:14:0,
                 from ../app.c:9:
../micro_config.h:2:1: warning: "/*" within comment [-Wcomment]
 /** @file    App.c
 ^
../app.c: In function 'authResponse':
../app.c:35:21: warning: pointer targets in passing argument 1 of 'UART_ReceiveString' differ in signedness [-Wpointer-sign]
  UART_ReceiveString(password);
Finished building: ../app.c
                     ^
In file included from ../app.h:12:0,
                 from ../app.c:9:
../USART.h:22:6: note: expected 'char *' but argument is of type 'uint8 *'
 void UART_ReceiveString(char *Str); // Receive until #
 
      ^
../app.c:54:2: warning: implicit declaration of function 'strcmp' [-Wimplicit-function-declaration]
  if (!strcmp(password,savedPassword)){
Building target: Project-Control-ECU.elf
  ^
../app.c:31:50: warning: unused variable 'temp' [-Wunused-variable]
  uint8 i, password[SIZE]={}, savedPassword[SIZE]={}, temp[SIZE];
                                                  ^
../app.c: In function 'savePassword':
../app.c:80:21: warning: pointer targets in passing argument 1 of 'UART_ReceiveString' differ in signedness [-Wpointer-sign]
  UART_ReceiveString(passwd);
                     ^
In file included from ../app.h:12:0,
                 from ../app.c:9:
../USART.h:22:6: note: expected 'char *' but argument is of type 'uint8 *'
 void UART_ReceiveString(char *Str); // Receive until #
Invoking: AVR C Linker
      ^
../app.c:86:3: warning: iteration 16u invokes undefined behavior [-Waggressive-loop-optimizations]
   EEPROM_Write_Byte(address++, passwd[i]);
avr-gcc -Wl,-Map,Project-Control-ECU.map -mmcu=atmega32 -o "Project-Control-ECU.elf"  ./DIO.o ./External_EEPROM.o ./I2C.o ./USART.o ./app.o ./lcd.o ./main.o   
   ^
../app.c:84:2: note: containing loop
  for (i=0;i<=sizeof(passwd);i++)
  ^
Finished building target: Project-Control-ECU.elf
 
Invoking: AVR Create Extended Listing
avr-objdump -h -S Project-Control-ECU.elf  >"Project-Control-ECU.lss"
Finished building: Project-Control-ECU.lss
 
Create Flash image (ihex format)
avr-objcopy -R .eeprom -R .fuse -R .lock -R .signature -O ihex Project-Control-ECU.elf  "Project-Control-ECU.hex"
Finished building: Project-Control-ECU.hex
 
Create eeprom image (ihex format)
avr-objcopy -j .eeprom --no-change-warnings --change-section-lma .eeprom=0 -O ihex Project-Control-ECU.elf  "Project-Control-ECU.eep"
Finished building: Project-Control-ECU.eep
 
Invoking: Print Size
avr-size --format=berkeley -t Project-Control-ECU.elf
   text	   data	    bss	    dec	    hex	filename
   1910	      0	      0	   1910	    776	Project-Control-ECU.elf
   1910	      0	      0	   1910	    776	(TOTALS)
Finished building: sizedummy
 
23:42:42 **** Incremental Build of configuration Release for project Project-HMI-ECU ****
make all 
Invoking: Print Size
avr-size --format=berkeley -t Project-HMI-ECU.elf
   text	   data	    bss	    dec	    hex	filename
   2696	    134	      6	   2836	    b14	Project-HMI-ECU.elf
   2696	    134	      6	   2836	    b14	(TOTALS)
Finished building: sizedummy
 
23:42:48 **** Incremental Build of configuration Release for project Project-Control-ECU ****
make all 
Invoking: Print Size
avr-size --format=berkeley -t Project-Control-ECU.elf
   text	   data	    bss	    dec	    hex	filename
   1910	      0	      0	   1910	    776	Project-Control-ECU.elf
   1910	      0	      0	   1910	    776	(TOTALS)
Finished building: sizedummy
 
23:42:48 **** Incremental Build of configuration Release for project Project-HMI-ECU ****
make all 
Invoking: Print Size
avr-size --format=berkeley -t Project-HMI-ECU.elf
   text	   data	    bss	    dec	    hex	filename
   2696	    134	      6	   2836	    b14	Project-HMI-ECU.elf
   2696	    134	      6	   2836	    b14	(TOTALS)
Finished building: sizedummy
 
00:12:28 **** Incremental Build of configuration Release for project Project-Control-ECU ****
make all 
Building file: ../app.c
Invoking: AVR Compiler
avr-gcc -Wall -Os -fpack-struct -fshort-enums -ffunction-sections -fdata-sections -std=gnu99 -funsigned-char -funsigned-bitfields -mmcu=atmega32 -DF_CPU=1000000UL -MMD -MP -MF"app.d" -MT"app.d" -c -o "app.o" "../app.c"
In file included from ../app.h:14:0,
                 from ../app.c:9:
../micro_config.h:2:1: warning: "/*" within comment [-Wcomment]
Finished building: ../app.c
 /** @file    App.c
 
 ^
Building target: Project-Control-ECU.elf
Invoking: AVR C Linker
avr-gcc -Wl,-Map,Project-Control-ECU.map -mmcu=atmega32 -o "Project-Control-ECU.elf"  ./DIO.o ./External_EEPROM.o ./I2C.o ./USART.o ./app.o ./lcd.o ./main.o   
../app.c: In function 'authResponse':
../app.c:36:21: warning: pointer targets in passing argument 1 of 'UART_ReceiveString' differ in signedness [-Wpointer-sign]
  UART_ReceiveString(password);
                     ^
In file included from ../app.h:12:0,
                 from ../app.c:9:
../USART.h:22:6: note: expected 'char *' but argument is of type 'uint8 *'
 void UART_ReceiveString(char *Str); // Receive until #
      ^
../app.c:45:2: warning: implicit declaration of function 'strcmp' [-Wimplicit-function-declaration]
  if (!strcmp(password,savedPassword)){
  ^
../app.c:32:50: warning: unused variable 'temp' [-Wunused-variable]
  uint8 i, password[SIZE]={}, savedPassword[SIZE]={}, temp[SIZE];
                                                  ^
../app.c: In function 'savePassword':
../app.c:62:21: warning: pointer targets in passing argument 1 of 'UART_ReceiveString' differ in signedness [-Wpointer-sign]
  UART_ReceiveString(passwd);
                     ^
In file included from ../app.h:12:0,
                 from ../app.c:9:
../USART.h:22:6: note: expected 'char *' but argument is of type 'uint8 *'
 void UART_ReceiveString(char *Str); // Receive until #
      ^
../app.c:68:3: warning: iteration 16u invokes undefined behavior [-Waggressive-loop-optimizations]
   EEPROM_Write_Byte(address++, passwd[i]);
   ^
../app.c:66:2: note: containing loop
  for (i=0;i<=sizeof(passwd);i++)
  ^
Finished building target: Project-Control-ECU.elf
 
Invoking: AVR Create Extended Listing
avr-objdump -h -S Project-Control-ECU.elf  >"Project-Control-ECU.lss"
Finished building: Project-Control-ECU.lss
 
Create Flash image (ihex format)
avr-objcopy -R .eeprom -R .fuse -R .lock -R .signature -O ihex Project-Control-ECU.elf  "Project-Control-ECU.hex"
Finished building: Project-Control-ECU.hex
 
Create eeprom image (ihex format)
avr-objcopy -j .eeprom --no-change-warnings --change-section-lma .eeprom=0 -O ihex Project-Control-ECU.elf  "Project-Control-ECU.eep"
Finished building: Project-Control-ECU.eep
 
Invoking: Print Size
avr-size --format=berkeley -t Project-Control-ECU.elf
   text	   data	    bss	    dec	    hex	filename
   1910	      0	      0	   1910	    776	Project-Control-ECU.elf
   1910	      0	      0	   1910	    776	(TOTALS)
Finished building: sizedummy
 
00:12:29 **** Incremental Build of configuration Release for project Project-HMI-ECU ****
make all 
Invoking: Print Size
avr-size --format=berkeley -t Project-HMI-ECU.elf
   text	   data	    bss	    dec	    hex	filename
   2696	    134	      6	   2836	    b14	Project-HMI-ECU.elf
   2696	    134	      6	   2836	    b14	(TOTALS)
Finished building: sizedummy
 
00:13:52 **** Incremental Build of configuration Release for project Project-Control-ECU ****
make all 
Invoking: Print Size
avr-size --format=berkeley -t Project-Control-ECU.elf
   text	   data	    bss	    dec	    hex	filename
   1910	      0	      0	   1910	    776	Project-Control-ECU.elf
   1910	      0	      0	   1910	    776	(TOTALS)
Finished building: sizedummy
 
00:13:52 **** Incremental Build of configuration Release for project Project-HMI-ECU ****
make all 
Building file: ../app.c
Invoking: AVR Compiler
avr-gcc -Wall -Os -fpack-struct -fshort-enums -ffunction-sections -fdata-sections -std=gnu99 -funsigned-char -funsigned-bitfields -mmcu=atmega32 -DF_CPU=1000000UL -MMD -MP -MF"app.d" -MT"app.d" -c -o "app.o" "../app.c"
In file included from ../lcd.h:13:0,
                 from ../app.h:11,
                 from ../app.c:7:
../micro_config.h:2:1: warning: "/*" within comment [-Wcomment]
 /** @file    App.c
 ^
../app.c: In function 'authRequest':
../app.c:50:18: warning: pointer targets in passing argument 1 of 'UART_SendString' differ in signedness [-Wpointer-sign]
  UART_SendString(entredPasswd);
                  ^
In file included from ../app.h:14:0,
                 from ../app.c:7:
../USART.h:20:6: note: expected 'const char *' but argument is of type 'uint8 *'
 void UART_SendString(const char *Str);
      ^
../app.c: In function 'changePassword':
../app.c:92:19: warning: pointer targets in passing argument 1 of 'UART_SendString' differ in signedness [-Wpointer-sign]
Finished building: ../app.c
   UART_SendString(passwd);
                   ^
In file included from ../app.h:14:0,
                 from ../app.c:7:
../USART.h:20:6: note: expected 'const char *' but argument is of type 'uint8 *'
 
Building target: Project-HMI-ECU.elf
Invoking: AVR C Linker
avr-gcc -Wl,-Map,Project-HMI-ECU.map -mmcu=atmega32 -o "Project-HMI-ECU.elf"  ./DIO.o ./Keypad.o ./USART.o ./app.o ./lcd.o ./main.o ./set_Passwd.o ./timer.o   
 void UART_SendString(const char *Str);
      ^
Finished building target: Project-HMI-ECU.elf
 
Invoking: AVR Create Extended Listing
avr-objdump -h -S Project-HMI-ECU.elf  >"Project-HMI-ECU.lss"
Finished building: Project-HMI-ECU.lss
 
Create Flash image (ihex format)
avr-objcopy -R .eeprom -R .fuse -R .lock -R .signature -O ihex Project-HMI-ECU.elf  "Project-HMI-ECU.hex"
Finished building: Project-HMI-ECU.hex
 
Create eeprom image (ihex format)
avr-objcopy -j .eeprom --no-change-warnings --change-section-lma .eeprom=0 -O ihex Project-HMI-ECU.elf  "Project-HMI-ECU.eep"
Finished building: Project-HMI-ECU.eep
 
Invoking: Print Size
avr-size --format=berkeley -t Project-HMI-ECU.elf
   text	   data	    bss	    dec	    hex	filename
   2702	    134	      6	   2842	    b1a	Project-HMI-ECU.elf
   2702	    134	      6	   2842	    b1a	(TOTALS)
Finished building: sizedummy
 
