23:50:08 **** Incremental Build of configuration Release for project LED_Blink_all ****
make all 
Building file: ../main.c
Invoking: AVR Compiler
avr-gcc -Wall -Os -fpack-struct -fshort-enums -ffunction-sections -fdata-sections -std=gnu99 -funsigned-char -funsigned-bitfields -mmcu=atmega32 -DF_CPU=8000000UL -MMD -MP -MF"main.d" -MT"main.d" -c -o "main.o" "../main.c"
Finished building: ../main.c
 
Building target: LED_Blink_all.elf
Invoking: AVR C Linker
avr-gcc -Wl,-Map,LED_Blink_all.map -mmcu=atmega32 -o "LED_Blink_all.elf"  ./main.o   
Finished building target: LED_Blink_all.elf
 
Invoking: AVR Create Extended Listing
avr-objdump -h -S LED_Blink_all.elf  >"LED_Blink_all.lss"
Finished building: LED_Blink_all.lss
 
Create Flash image (ihex format)
avr-objcopy -R .eeprom -R .fuse -R .lock -R .signature -O ihex LED_Blink_all.elf  "LED_Blink_all.hex"
Finished building: LED_Blink_all.hex
 
Create eeprom image (ihex format)
avr-objcopy -j .eeprom --no-change-warnings --change-section-lma .eeprom=0 -O ihex LED_Blink_all.elf  "LED_Blink_all.eep"
Finished building: LED_Blink_all.eep
 
Invoking: Print Size
avr-size --format=berkeley -t LED_Blink_all.elf
   text	   data	    bss	    dec	    hex	filename
    168	      0	      0	    168	     a8	LED_Blink_all.elf
    168	      0	      0	    168	     a8	(TOTALS)
Finished building: sizedummy
 

23:50:08 Build Finished (took 122ms)

