18:26:32 **** Incremental Build of configuration Release for project Timer2 ****
make all 
Building file: ../main.c
Invoking: AVR Compiler
avr-gcc -Wall -Os -fpack-struct -fshort-enums -ffunction-sections -fdata-sections -std=gnu99 -funsigned-char -funsigned-bitfields -mmcu=atmega32 -DF_CPU=8000000UL -MMD -MP -MF"main.d" -MT"main.d" -c -o "main.o" "../main.c"
Finished building: ../main.c
 
Building target: Timer2.elf
Invoking: AVR C Linker
avr-gcc -Wl,-Map,Timer2.map -mmcu=atmega32 -o "Timer2.elf"  ./main.o   
Finished building target: Timer2.elf
 
Invoking: AVR Create Extended Listing
avr-objdump -h -S Timer2.elf  >"Timer2.lss"
Finished building: Timer2.lss
 
Create Flash image (ihex format)
avr-objcopy -R .eeprom -R .fuse -R .lock -R .signature -O ihex Timer2.elf  "Timer2.hex"
Finished building: Timer2.hex
 
Create eeprom image (ihex format)
avr-objcopy -j .eeprom --no-change-warnings --change-section-lma .eeprom=0 -O ihex Timer2.elf  "Timer2.eep"
Finished building: Timer2.eep
 
Invoking: Print Size
avr-size --format=berkeley -t Timer2.elf
   text	   data	    bss	    dec	    hex	filename
    212	      0	      1	    213	     d5	Timer2.elf
    212	      0	      1	    213	     d5	(TOTALS)
Finished building: sizedummy
 

18:26:32 Build Finished (took 162ms)

